Archive member included to satisfy reference by file (symbol)

c:/st/stm32cubeide_1.12.0/stm32cubeide/plugins/com.st.stm32cube.ide.mcu.externaltools.gnu-tools-for-stm32.10.3-2021.10.win32_1.0.200.202301161003/tools/bin/../lib/gcc/arm-none-eabi/10.3.1/../../../../arm-none-eabi/lib/thumb/v7e-m+fp/hard\libc_nano.a(lib_a-atoi.o)
                              ./Core/Src/internal_rtc.o (atoi)
c:/st/stm32cubeide_1.12.0/stm32cubeide/plugins/com.st.stm32cube.ide.mcu.externaltools.gnu-tools-for-stm32.10.3-2021.10.win32_1.0.200.202301161003/tools/bin/../lib/gcc/arm-none-eabi/10.3.1/../../../../arm-none-eabi/lib/thumb/v7e-m+fp/hard\libc_nano.a(lib_a-errno.o)
                              ./Core/Src/syscalls.o (__errno)
c:/st/stm32cubeide_1.12.0/stm32cubeide/plugins/com.st.stm32cube.ide.mcu.externaltools.gnu-tools-for-stm32.10.3-2021.10.win32_1.0.200.202301161003/tools/bin/../lib/gcc/arm-none-eabi/10.3.1/../../../../arm-none-eabi/lib/thumb/v7e-m+fp/hard\libc_nano.a(lib_a-exit.o)
                              c:/st/stm32cubeide_1.12.0/stm32cubeide/plugins/com.st.stm32cube.ide.mcu.externaltools.gnu-tools-for-stm32.10.3-2021.10.win32_1.0.200.202301161003/tools/bin/../lib/gcc/arm-none-eabi/10.3.1/../../../../arm-none-eabi/lib/thumb/v7e-m+fp/hard/crt0.o (exit)
c:/st/stm32cubeide_1.12.0/stm32cubeide/plugins/com.st.stm32cube.ide.mcu.externaltools.gnu-tools-for-stm32.10.3-2021.10.win32_1.0.200.202301161003/tools/bin/../lib/gcc/arm-none-eabi/10.3.1/../../../../arm-none-eabi/lib/thumb/v7e-m+fp/hard\libc_nano.a(lib_a-impure.o)
                              c:/st/stm32cubeide_1.12.0/stm32cubeide/plugins/com.st.stm32cube.ide.mcu.externaltools.gnu-tools-for-stm32.10.3-2021.10.win32_1.0.200.202301161003/tools/bin/../lib/gcc/arm-none-eabi/10.3.1/../../../../arm-none-eabi/lib/thumb/v7e-m+fp/hard\libc_nano.a(lib_a-exit.o) (_global_impure_ptr)
c:/st/stm32cubeide_1.12.0/stm32cubeide/plugins/com.st.stm32cube.ide.mcu.externaltools.gnu-tools-for-stm32.10.3-2021.10.win32_1.0.200.202301161003/tools/bin/../lib/gcc/arm-none-eabi/10.3.1/../../../../arm-none-eabi/lib/thumb/v7e-m+fp/hard\libc_nano.a(lib_a-init.o)
                              c:/st/stm32cubeide_1.12.0/stm32cubeide/plugins/com.st.stm32cube.ide.mcu.externaltools.gnu-tools-for-stm32.10.3-2021.10.win32_1.0.200.202301161003/tools/bin/../lib/gcc/arm-none-eabi/10.3.1/../../../../arm-none-eabi/lib/thumb/v7e-m+fp/hard/crt0.o (__libc_init_array)
c:/st/stm32cubeide_1.12.0/stm32cubeide/plugins/com.st.stm32cube.ide.mcu.externaltools.gnu-tools-for-stm32.10.3-2021.10.win32_1.0.200.202301161003/tools/bin/../lib/gcc/arm-none-eabi/10.3.1/../../../../arm-none-eabi/lib/thumb/v7e-m+fp/hard\libc_nano.a(lib_a-memset.o)
                              c:/st/stm32cubeide_1.12.0/stm32cubeide/plugins/com.st.stm32cube.ide.mcu.externaltools.gnu-tools-for-stm32.10.3-2021.10.win32_1.0.200.202301161003/tools/bin/../lib/gcc/arm-none-eabi/10.3.1/../../../../arm-none-eabi/lib/thumb/v7e-m+fp/hard/crt0.o (memset)
c:/st/stm32cubeide_1.12.0/stm32cubeide/plugins/com.st.stm32cube.ide.mcu.externaltools.gnu-tools-for-stm32.10.3-2021.10.win32_1.0.200.202301161003/tools/bin/../lib/gcc/arm-none-eabi/10.3.1/../../../../arm-none-eabi/lib/thumb/v7e-m+fp/hard\libc_nano.a(lib_a-printf.o)
                              ./Core/Src/DHT11.o (printf)
c:/st/stm32cubeide_1.12.0/stm32cubeide/plugins/com.st.stm32cube.ide.mcu.externaltools.gnu-tools-for-stm32.10.3-2021.10.win32_1.0.200.202301161003/tools/bin/../lib/gcc/arm-none-eabi/10.3.1/../../../../arm-none-eabi/lib/thumb/v7e-m+fp/hard\libc_nano.a(lib_a-puts.o)
                              ./Core/Src/DHT11.o (puts)
c:/st/stm32cubeide_1.12.0/stm32cubeide/plugins/com.st.stm32cube.ide.mcu.externaltools.gnu-tools-for-stm32.10.3-2021.10.win32_1.0.200.202301161003/tools/bin/../lib/gcc/arm-none-eabi/10.3.1/../../../../arm-none-eabi/lib/thumb/v7e-m+fp/hard\libc_nano.a(lib_a-sprintf.o)
                              ./Core/Src/DHT11.o (sprintf)
c:/st/stm32cubeide_1.12.0/stm32cubeide/plugins/com.st.stm32cube.ide.mcu.externaltools.gnu-tools-for-stm32.10.3-2021.10.win32_1.0.200.202301161003/tools/bin/../lib/gcc/arm-none-eabi/10.3.1/../../../../arm-none-eabi/lib/thumb/v7e-m+fp/hard\libc_nano.a(lib_a-strncmp.o)
                              ./Core/Src/uart.o (strncmp)
c:/st/stm32cubeide_1.12.0/stm32cubeide/plugins/com.st.stm32cube.ide.mcu.externaltools.gnu-tools-for-stm32.10.3-2021.10.win32_1.0.200.202301161003/tools/bin/../lib/gcc/arm-none-eabi/10.3.1/../../../../arm-none-eabi/lib/thumb/v7e-m+fp/hard\libc_nano.a(lib_a-strncpy.o)
                              ./Core/Src/internal_rtc.o (strncpy)
c:/st/stm32cubeide_1.12.0/stm32cubeide/plugins/com.st.stm32cube.ide.mcu.externaltools.gnu-tools-for-stm32.10.3-2021.10.win32_1.0.200.202301161003/tools/bin/../lib/gcc/arm-none-eabi/10.3.1/../../../../arm-none-eabi/lib/thumb/v7e-m+fp/hard\libc_nano.a(lib_a-strtol.o)
[...]
Memory Configuration

Name             Origin             Length             Attributes
CCMRAM           0x0000000010000000 0x0000000000010000 xrw
RAM              0x0000000020000000 0x0000000000030000 xrw
FLASH            0x0000000008000000 0x0000000000200000 xr
*default*        0x0000000000000000 0xffffffffffffffff

Linker script and memory map

LOAD c:/st/stm32cubeide_1.12.0/stm32cubeide/plugins/com.st.stm32cube.ide.mcu.externaltools.gnu-tools-for-stm32.10.3-2021.10.win32_1.0.200.202301161003/tools/bin/../lib/gcc/arm-none-eabi/10.3.1/thumb/v7e-m+fp/hard/crti.o
LOAD c:/st/stm32cubeide_1.12.0/stm32cubeide/plugins/com.st.stm32cube.ide.mcu.externaltools.gnu-tools-for-stm32.10.3-2021.10.win32_1.0.200.202301161003/tools/bin/../lib/gcc/arm-none-eabi/10.3.1/thumb/v7e-m+fp/hard/crtbegin.o
LOAD c:/st/stm32cubeide_1.12.0/stm32cubeide/plugins/com.st.stm32cube.ide.mcu.externaltools.gnu-tools-for-stm32.10.3-2021.10.win32_1.0.200.202301161003/tools/bin/../lib/gcc/arm-none-eabi/10.3.1/../../../../arm-none-eabi/lib/thumb/v7e-m+fp/hard/crt0.o
LOAD ./Core/Src/DHT11.o
LOAD ./Core/Src/WASHING_MACHINE_PROJ.o
LOAD ./Core/Src/button.o
LOAD ./Core/Src/buzzer.o
LOAD ./Core/Src/dcmotor.o
LOAD ./Core/Src/fnd4dight.o
LOAD ./Core/Src/i2c_lcd.o
LOAD ./Core/Src/internal_rtc.o
LOAD ./Core/Src/led.o
LOAD ./Core/Src/main.o
LOAD ./Core/Src/servo_motor.o
LOAD ./Core/Src/stm32f4xx_hal_msp.o
LOAD ./Core/Src/stm32f4xx_it.o
LOAD ./Core/Src/syscalls.o
LOAD ./Core/Src/sysmem.o
LOAD ./Core/Src/system_stm32f4xx.o
LOAD ./Core/Src/uart.o
LOAD ./Core/Src/ultrasonic.o
LOAD ./Core/Startup/startup_stm32f429zitx.o
LOAD ./Drivers/STM32F4xx_HAL_Driver/Src/stm32f4xx_hal.o
LOAD ./Drivers/STM32F4xx_HAL_Driver/Src/stm32f4xx_hal_cortex.o
LOAD ./Drivers/STM32F4xx_HAL_Driver/Src/stm32f4xx_hal_dma.o
LOAD ./Drivers/STM32F4xx_HAL_Driver/Src/stm32f4xx_hal_dma_ex.o
LOAD ./Drivers/STM32F4xx_HAL_Driver/Src/stm32f4xx_hal_eth.o
LOAD ./Drivers/STM32F4xx_HAL_Driver/Src/stm32f4xx_hal_exti.o
LOAD ./Drivers/STM32F4xx_HAL_Driver/Src/stm32f4xx_hal_flash.o
LOAD ./Drivers/STM32F4xx_HAL_Driver/Src/stm32f4xx_hal_flash_ex.o
LOAD ./Drivers/STM32F4xx_HAL_Driver/Src/stm32f4xx_hal_flash_ramfunc.o
LOAD ./Drivers/STM32F4xx_HAL_Driver/Src/stm32f4xx_hal_gpio.o
LOAD ./Drivers/STM32F4xx_HAL_Driver/Src/stm32f4xx_hal_i2c.o
LOAD ./Drivers/STM32F4xx_HAL_Driver/Src/stm32f4xx_hal_i2c_ex.o
LOAD ./Drivers/STM32F4xx_HAL_Driver/Src/stm32f4xx_hal_pcd.o
LOAD ./Drivers/STM32F4xx_HAL_Driver/Src/stm32f4xx_hal_pcd_ex.o
LOAD ./Drivers/STM32F4xx_HAL_Driver/Src/stm32f4xx_hal_pwr.o
LOAD ./Drivers/STM32F4xx_HAL_Driver/Src/stm32f4xx_hal_pwr_ex.o
LOAD ./Drivers/STM32F4xx_HAL_Driver/Src/stm32f4xx_hal_rcc.o
LOAD ./Drivers/STM32F4xx_HAL_Driver/Src/stm32f4xx_hal_rcc_ex.o
LOAD ./Drivers/STM32F4xx_HAL_Driver/Src/stm32f4xx_hal_rtc.o
LOAD ./Drivers/STM32F4xx_HAL_Driver/Src/stm32f4xx_hal_rtc_ex.o
LOAD ./Drivers/STM32F4xx_HAL_Driver/Src/stm32f4xx_hal_tim.o
LOAD ./Drivers/STM32F4xx_HAL_Driver/Src/stm32f4xx_hal_tim_ex.o
LOAD ./Drivers/STM32F4xx_HAL_Driver/Src/stm32f4xx_hal_uart.o
LOAD ./Drivers/STM32F4xx_HAL_Driver/Src/stm32f4xx_ll_usb.o
START GROUP
LOAD c:/st/stm32cubeide_1.12.0/stm32cubeide/plugins/com.st.stm32cube.ide.mcu.externaltools.gnu-tools-for-stm32.10.3-2021.10.win32_1.0.200.202301161003/tools/bin/../lib/gcc/arm-none-eabi/10.3.1/../../../../arm-none-eabi/lib/thumb/v7e-m+fp/hard\libc_nano.a
LOAD c:/st/stm32cubeide_1.12.0/stm32cubeide/plugins/com.st.stm32cube.ide.mcu.externaltools.gnu-tools-for-stm32.10.3-2021.10.win32_1.0.200.202301161003/tools/bin/../lib/gcc/arm-none-eabi/10.3.1/../../../../arm-none-eabi/lib/thumb/v7e-m+fp/hard\libm.a
END GROUP
START GROUP
LOAD c:/st/stm32cubeide_1.12.0/stm32cubeide/plugins/com.st.stm32cube.ide.mcu.externaltools.gnu-tools-for-stm32.10.3-2021.10.win32_1.0.200.202301161003/tools/bin/../lib/gcc/arm-none-eabi/10.3.1/thumb/v7e-m+fp/hard\libgcc.a
LOAD c:/st/stm32cubeide_1.12.0/stm32cubeide/plugins/com.st.stm32cube.ide.mcu.externaltools.gnu-tools-for-stm32.10.3-2021.10.win32_1.0.200.202301161003/tools/bin/../lib/gcc/arm-none-eabi/10.3.1/../../../../arm-none-eabi/lib/thumb/v7e-m+fp/hard\libc_nano.a
END GROUP
START GROUP
LOAD c:/st/stm32cubeide_1.12.0/stm32cubeide/plugins/com.st.stm32cube.ide.mcu.externaltools.gnu-tools-for-stm32.10.3-2021.10.win32_1.0.200.202301161003/tools/bin/../lib/gcc/arm-none-eabi/10.3.1/thumb/v7e-m+fp/hard\libgcc.a
LOAD c:/st/stm32cubeide_1.12.0/stm32cubeide/plugins/com.st.stm32cube.ide.mcu.externaltools.gnu-tools-for-stm32.10.3-2021.10.win32_1.0.200.202301161003/tools/bin/../lib/gcc/arm-none-eabi/10.3.1/../../../../arm-none-eabi/lib/thumb/v7e-m+fp/hard\libc_nano.a
LOAD c:/st/stm32cubeide_1.12.0/stm32cubeide/plugins/com.st.stm32cube.ide.mcu.externaltools.gnu-tools-for-stm32.10.3-2021.10.win32_1.0.200.202301161003/tools/bin/../lib/gcc/arm-none-eabi/10.3.1/../../../../arm-none-eabi/lib/thumb/v7e-m+fp/hard\libnosys.a
END GROUP
START GROUP
LOAD c:/st/stm32cubeide_1.12.0/stm32cubeide/plugins/com.st.stm32cube.ide.mcu.externaltools.gnu-tools-for-stm32.10.3-2021.10.win32_1.0.200.202301161003/tools/bin/../lib/gcc/arm-none-eabi/10.3.1/thumb/v7e-m+fp/hard\libgcc.a
LOAD c:/st/stm32cubeide_1.12.0/stm32cubeide/plugins/com.st.stm32cube.ide.mcu.externaltools.gnu-tools-for-stm32.10.3-2021.10.win32_1.0.200.202301161003/tools/bin/../lib/gcc/arm-none-eabi/10.3.1/../../../../arm-none-eabi/lib/thumb/v7e-m+fp/hard\libc_nano.a
LOAD c:/st/stm32cubeide_1.12.0/stm32cubeide/plugins/com.st.stm32cube.ide.mcu.externaltools.gnu-tools-for-stm32.10.3-2021.10.win32_1.0.200.202301161003/tools/bin/../lib/gcc/arm-none-eabi/10.3.1/../../../../arm-none-eabi/lib/thumb/v7e-m+fp/hard\libnosys.a
END GROUP
LOAD c:/st/stm32cubeide_1.12.0/stm32cubeide/plugins/com.st.stm32cube.ide.mcu.externaltools.gnu-tools-for-stm32.10.3-2021.10.win32_1.0.200.202301161003/tools/bin/../lib/gcc/arm-none-eabi/10.3.1/thumb/v7e-m+fp/hard/crtend.o
LOAD c:/st/stm32cubeide_1.12.0/stm32cubeide/plugins/com.st.stm32cube.ide.mcu.externaltools.gnu-tools-for-stm32.10.3-2021.10.win32_1.0.200.202301161003/tools/bin/../lib/gcc/arm-none-eabi/10.3.1/thumb/v7e-m+fp/hard/crtn.o
                0x0000000020030000                _estack = (ORIGIN (RAM) + LENGTH (RAM))
                0x0000000000000200                _Min_Heap_Size = 0x200
                0x0000000000000400                _Min_Stack_Size = 0x400

.isr_vector     0x0000000008000000      0x1ac
                0x0000000008000000                . = ALIGN (0x4)
 *(.isr_vector)
 .isr_vector    0x0000000008000000      0x1ac ./Core/Startup/startup_stm32f429zitx.o
                0x0000000008000000                g_pfnVectors
                0x00000000080001ac                . = ALIGN (0x4)

.text           0x00000000080001b0     0xb064
                0x00000000080001b0                . = ALIGN (0x4)
 *(.text)
 .text          0x00000000080001b0       0x40 c:/st/stm32cubeide_1.12.0/stm32cubeide/plugins/com.st.stm32cube.ide.mcu.externaltools.gnu-tools-for-stm32.10.3-2021.10.win32_1.0.200.202301161003/tools/bin/../lib/gcc/arm-none-eabi/10.3.1/thumb/v7e-m+fp/hard/crtbegin.o
 .text          0x00000000080001f0       0xa0 c:/st/stm32cubeide_1.12.0/stm32cubeide/plugins/com.st.stm32cube.ide.mcu.externaltools.gnu-tools-for-stm32.10.3-2021.10.win32_1.0.200.202301161003/tools/bin/../lib/gcc/arm-none-eabi/10.3.1/../../../../arm-none-eabi/lib/thumb/v7e-m+fp/hard\libc_nano.a(lib_a-memchr.o)
                0x00000000080001f0                memchr
 .text          0x0000000008000290      0x378 c:/st/stm32cubeide_1.12.0/stm32cubeide/plugins/com.st.stm32cube.ide.mcu.externaltools.gnu-tools-for-stm32.10.3-2021.10.win32_1.0.200.202301161003/tools/bin/../lib/gcc/arm-none-eabi/10.3.1/thumb/v7e-m+fp/hard\libgcc.a(_arm_addsubdf3.o)
                0x0000000008000290                __aeabi_drsub
                0x0000000008000298                __aeabi_dsub
                0x0000000008000298                __subdf3
                0x000000000800029c                __aeabi_dadd
                0x000000000800029c                __adddf3
                0x0000000008000514                __floatunsidf
                0x0000000008000514                __aeabi_ui2d
                0x0000000008000534                __floatsidf
                0x0000000008000534                __aeabi_i2d
                0x0000000008000558                __aeabi_f2d
                0x0000000008000558                __extendsfdf2
                0x000000000800059c                __floatundidf
                0x000000000800059c                __aeabi_ul2d
                0x00000000080005ac                __floatdidf
                0x00000000080005ac                __aeabi_l2d
 .text          0x0000000008000608      0x424 c:/st/stm32cubeide_1.12.0/stm32cubeide/plugins/com.st.stm32cube.ide.mcu.externaltools.gnu-tools-for-stm32.10.3-2021.10.win32_1.0.200.202301161003/tools/bin/../lib/gcc/arm-none-eabi/10.3.1/thumb/v7e-m+fp/hard\libgcc.a(_arm_muldivdf3.o)
                0x0000000008000608                __aeabi_dmul
                0x0000000008000608                __muldf3
                0x000000000800085c                __divdf3
                0x000000000800085c                __aeabi_ddiv
 .text          0x0000000008000a2c       0x50 c:/st/stm32cubeide_1.12.0/stm32cubeide/plugins/com.st.stm32cube.ide.mcu.externaltools.gnu-tools-for-stm32.10.3-2021.10.win32_1.0.200.202301161003/tools/bin/../lib/gcc/arm-none-eabi/10.3.1/thumb/v7e-m+fp/hard\libgcc.a(_arm_fixdfsi.o)
                0x0000000008000a2c                __aeabi_d2iz
                0x0000000008000a2c                __fixdfsi
 .text          0x0000000008000a7c       0x30 c:/st/stm32cubeide_1.12.0/stm32cubeide/plugins/com.st.stm32cube.ide.mcu.externaltools.gnu-tools-for-stm32.10.3-2021.10.win32_1.0.200.202301161003/tools/bin/../lib/gcc/arm-none-eabi/10.3.1/thumb/v7e-m+fp/hard\libgcc.a(_aeabi_uldivmod.o)
                0x0000000008000a7c                __aeabi_uldivmod
 .text          0x0000000008000aac      0x2d0 c:/st/stm32cubeide_1.12.0/stm32cubeide/plugins/com.st.stm32cube.ide.mcu.externaltools.gnu-tools-for-stm32.10.3-2021.10.win32_1.0.200.202301161003/tools/bin/../lib/gcc/arm-none-eabi/10.3.1/thumb/v7e-m+fp/hard\libgcc.a(_udivmoddi4.o)
                0x0000000008000aac                __udivmoddi4
 .text          0x0000000008000d7c        0x4 c:/st/stm32cubeide_1.12.0/stm32cubeide/plugins/com.st.stm32cube.ide.mcu.externaltools.gnu-tools-for-stm32.10.3-2021.10.win32_1.0.200.202301161003/tools/bin/../lib/gcc/arm-none-eabi/10.3.1/thumb/v7e-m+fp/hard\libgcc.a(_dvmd_tls.o)
                0x0000000008000d7c                __aeabi_idiv0
                0x0000000008000d7c                __aeabi_ldiv0
 *(.text*)
 .text.mode_select
                0x0000000008000d80      0x2e4 ./Core/Src/WASHING_MACHINE_PROJ.o
                0x0000000008000d80                mode_select
 .text.operator_start
                0x0000000008001064     0x141c ./Core/Src/WASHING_MACHINE_PROJ.o
                0x0000000008001064                operator_start
 .text.spin_motor
                0x0000000008002480       0x54 ./Core/Src/WASHING_MACHINE_PROJ.o
                0x0000000008002480                spin_motor
 .text.get_button
                0x00000000080024d4       0x6c ./Core/Src/button.o
                0x00000000080024d4                get_button
 .text.noTone   0x0000000008002540       0x1c ./Core/Src/buzzer.o
                0x0000000008002540                noTone
 .text.buzzer_main
                0x000000000800255c      0x114 ./Core/Src/buzzer.o
                0x000000000800255c                buzzer_main
 .text.FND_update
                0x0000000008002670       0x68 ./Core/Src/fnd4dight.o
                0x0000000008002670                FND_update
 .text.FND4digit_off
                0x00000000080026d8       0x38 ./Core/Src/fnd4dight.o
                0x00000000080026d8                FND4digit_off
 .text.fnd4digit_sec_clock
                0x0000000008002710       0x88 ./Core/Src/fnd4dight.o
                0x0000000008002710                fnd4digit_sec_clock
 .text.lcd_command
                0x0000000008002798       0x68 ./Core/Src/i2c_lcd.o
                0x0000000008002798                lcd_command
 .text.lcd_data
                0x0000000008002800       0x68 ./Core/Src/i2c_lcd.o
                0x0000000008002800                lcd_data
 .text.i2c_lcd_init
                0x0000000008002868       0x32 ./Core/Src/i2c_lcd.o
                0x0000000008002868                i2c_lcd_init
 .text.lcd_string
                0x000000000800289a       0x2a ./Core/Src/i2c_lcd.o
                0x000000000800289a                lcd_string
 .text.move_cursor
                0x00000000080028c4       0x30 ./Core/Src/i2c_lcd.o
                0x00000000080028c4                move_cursor
 .text.HAL_SYSTICK_Handler
                0x00000000080028f4       0x2c ./Core/Src/main.o
                0x00000000080028f4                HAL_SYSTICK_Handler
 .text.__io_putchar
                0x0000000008002920       0x24 ./Core/Src/main.o
                0x0000000008002920                __io_putchar
 .text.HAL_TIM_PeriodElapsedCallback
                0x0000000008002944       0x40 ./Core/Src/main.o
                0x0000000008002944                HAL_TIM_PeriodElapsedCallback
 .text.delay_us
                0x0000000008002984       0x30 ./Core/Src/main.o
                0x0000000008002984                delay_us
 .text.main     0x00000000080029b4       0xc8 ./Core/Src/main.o
                0x00000000080029b4                main
 .text.SystemClock_Config
                0x0000000008002a7c       0xd8 ./Core/Src/main.o
                0x0000000008002a7c                SystemClock_Config
 .text.MX_ETH_Init
                0x0000000008002b54       0x9c ./Core/Src/main.o
 .text.MX_I2C1_Init
                0x0000000008002bf0       0x80 ./Core/Src/main.o
 .text.MX_RTC_Init
                0x0000000008002c70       0xb4 ./Core/Src/main.o
 .text.MX_TIM2_Init
                0x0000000008002d24       0xb4 ./Core/Src/main.o
 .text.MX_TIM3_Init
                0x0000000008002dd8       0xa8 ./Core/Src/main.o
 .text.MX_TIM4_Init
                0x0000000008002e80       0xec ./Core/Src/main.o
 .text.MX_TIM5_Init
                0x0000000008002f6c       0xb4 ./Core/Src/main.o
 .text.MX_TIM10_Init
                0x0000000008003020       0x48 ./Core/Src/main.o
 .text.MX_TIM11_Init
                0x0000000008003068       0x48 ./Core/Src/main.o
 .text.MX_USART3_UART_Init
                0x00000000080030b0       0x54 ./Core/Src/main.o
 .text.MX_USART6_UART_Init
                0x0000000008003104       0x54 ./Core/Src/main.o
 .text.MX_USB_OTG_FS_PCD_Init
                0x0000000008003158       0x5c ./Core/Src/main.o
 .text.MX_GPIO_Init
                0x00000000080031b4      0x288 ./Core/Src/main.o
 .text.Error_Handler
                0x000000000800343c        0xa ./Core/Src/main.o
                0x000000000800343c                Error_Handler
 *fill*         0x0000000008003446        0x2 
 .text.HAL_MspInit
                0x0000000008003448       0x50 ./Core/Src/stm32f4xx_hal_msp.o
                0x0000000008003448                HAL_MspInit
 .text.HAL_ETH_MspInit
                0x0000000008003498      0x18c ./Core/Src/stm32f4xx_hal_msp.o
                0x0000000008003498                HAL_ETH_MspInit
 .text.HAL_I2C_MspInit
                0x0000000008003624       0x90 ./Core/Src/stm32f4xx_hal_msp.o
                0x0000000008003624                HAL_I2C_MspInit
 .text.HAL_RTC_MspInit
                0x00000000080036b4       0x54 ./Core/Src/stm32f4xx_hal_msp.o
                0x00000000080036b4                HAL_RTC_MspInit
 .text.HAL_TIM_PWM_MspInit
                0x0000000008003708       0x78 ./Core/Src/stm32f4xx_hal_msp.o
                0x0000000008003708                HAL_TIM_PWM_MspInit
 .text.HAL_TIM_IC_MspInit
                0x0000000008003780       0xa0 ./Core/Src/stm32f4xx_hal_msp.o
                0x0000000008003780                HAL_TIM_IC_MspInit
 .text.HAL_TIM_Base_MspInit
                0x0000000008003820       0xc8 ./Core/Src/stm32f4xx_hal_msp.o
                0x0000000008003820                HAL_TIM_Base_MspInit
 .text.HAL_TIM_MspPostInit
                0x00000000080038e8      0x10c ./Core/Src/stm32f4xx_hal_msp.o
                0x00000000080038e8                HAL_TIM_MspPostInit
 .text.HAL_UART_MspInit
                0x00000000080039f4      0x11c ./Core/Src/stm32f4xx_hal_msp.o
                0x00000000080039f4                HAL_UART_MspInit
 .text.HAL_PCD_MspInit
                0x0000000008003b10       0xb4 ./Core/Src/stm32f4xx_hal_msp.o
                0x0000000008003b10                HAL_PCD_MspInit
 .text.NMI_Handler
                0x0000000008003bc4        0x6 ./Core/Src/stm32f4xx_it.o
                0x0000000008003bc4                NMI_Handler
 .text.HardFault_Handler
                0x0000000008003bca        0x6 ./Core/Src/stm32f4xx_it.o
                0x0000000008003bca                HardFault_Handler
 .text.MemManage_Handler
                0x0000000008003bd0        0x6 ./Core/Src/stm32f4xx_it.o
                0x0000000008003bd0                MemManage_Handler
 .text.BusFault_Handler
                0x0000000008003bd6        0x6 ./Core/Src/stm32f4xx_it.o
                0x0000000008003bd6                BusFault_Handler
 .text.UsageFault_Handler
                0x0000000008003bdc        0x6 ./Core/Src/stm32f4xx_it.o
                0x0000000008003bdc                UsageFault_Handler
 .text.SVC_Handler
                0x0000000008003be2        0xe ./Core/Src/stm32f4xx_it.o
                0x0000000008003be2                SVC_Handler
 .text.DebugMon_Handler
                0x0000000008003bf0        0xe ./Core/Src/stm32f4xx_it.o
                0x0000000008003bf0                DebugMon_Handler
 .text.PendSV_Handler
                0x0000000008003bfe        0xe ./Core/Src/stm32f4xx_it.o
                0x0000000008003bfe                PendSV_Handler
 .text.SysTick_Handler
                0x0000000008003c0c       0x10 ./Core/Src/stm32f4xx_it.o
                0x0000000008003c0c                SysTick_Handler
 .text.TIM1_UP_TIM10_IRQHandler
                0x0000000008003c1c       0x14 ./Core/Src/stm32f4xx_it.o
                0x0000000008003c1c                TIM1_UP_TIM10_IRQHandler
 .text.TIM1_TRG_COM_TIM11_IRQHandler
                0x0000000008003c30       0x14 ./Core/Src/stm32f4xx_it.o
                0x0000000008003c30                TIM1_TRG_COM_TIM11_IRQHandler
 .text.TIM3_IRQHandler
                0x0000000008003c44       0x14 ./Core/Src/stm32f4xx_it.o
                0x0000000008003c44                TIM3_IRQHandler
 .text.TIM4_IRQHandler
                0x0000000008003c58       0x14 ./Core/Src/stm32f4xx_it.o
                0x0000000008003c58                TIM4_IRQHandler
 .text.USART3_IRQHandler
                0x0000000008003c6c       0x14 ./Core/Src/stm32f4xx_it.o
                0x0000000008003c6c                USART3_IRQHandler
 .text.TIM5_IRQHandler
                0x0000000008003c80       0x14 ./Core/Src/stm32f4xx_it.o
                0x0000000008003c80                TIM5_IRQHandler
 .text.USART6_IRQHandler
                0x0000000008003c94       0x14 ./Core/Src/stm32f4xx_it.o
                0x0000000008003c94                USART6_IRQHandler
 .text._read    0x0000000008003ca8       0x3a ./Core/Src/syscalls.o
                0x0000000008003ca8                _read
 .text._write   0x0000000008003ce2       0x38 ./Core/Src/syscalls.o
                0x0000000008003ce2                _write
 .text._close   0x0000000008003d1a       0x18 ./Core/Src/syscalls.o
                0x0000000008003d1a                _close
 .text._fstat   0x0000000008003d32       0x20 ./Core/Src/syscalls.o
                0x0000000008003d32                _fstat
 .text._isatty  0x0000000008003d52       0x16 ./Core/Src/syscalls.o
                0x0000000008003d52                _isatty
 .text._lseek   0x0000000008003d68       0x1a ./Core/Src/syscalls.o
                0x0000000008003d68                _lseek
 *fill*         0x0000000008003d82        0x2 
 .text._sbrk    0x0000000008003d84       0x6c ./Core/Src/sysmem.o
                0x0000000008003d84                _sbrk
 .text.SystemInit
                0x0000000008003df0       0x24 ./Core/Src/system_stm32f4xx.o
                0x0000000008003df0                SystemInit
 .text.HAL_UART_RxCpltCallback
                0x0000000008003e14      0x104 ./Core/Src/uart.o
                0x0000000008003e14                HAL_UART_RxCpltCallback
 .text.HAL_TIM_IC_CaptureCallback
                0x0000000008003f18       0x6c ./Core/Src/ultrasonic.o
                0x0000000008003f18                HAL_TIM_IC_CaptureCallback
 *fill*         0x0000000008003f84        0x4 
 .text.ultrasonic_processing
                0x0000000008003f88       0xd8 ./Core/Src/ultrasonic.o
                0x0000000008003f88                ultrasonic_processing
 .text.make_trigger
                0x0000000008004060       0x3c ./Core/Src/ultrasonic.o
                0x0000000008004060                make_trigger
 .text.Reset_Handler
                0x000000000800409c       0x50 ./Core/Startup/startup_stm32f429zitx.o
                0x000000000800409c                Reset_Handler
 .text.Default_Handler
                0x00000000080040ec        0x2 ./Core/Startup/startup_stm32f429zitx.o
                0x00000000080040ec                RTC_Alarm_IRQHandler
                0x00000000080040ec                HASH_RNG_IRQHandler
                0x00000000080040ec                EXTI2_IRQHandler
                0x00000000080040ec                TIM8_CC_IRQHandler
                0x00000000080040ec                UART8_IRQHandler
                0x00000000080040ec                SPI4_IRQHandler
                0x00000000080040ec                TIM1_CC_IRQHandler
                0x00000000080040ec                DMA2_Stream5_IRQHandler
                0x00000000080040ec                DMA1_Stream5_IRQHandler
                0x00000000080040ec                PVD_IRQHandler
                0x00000000080040ec                SDIO_IRQHandler
                0x00000000080040ec                TAMP_STAMP_IRQHandler
                0x00000000080040ec                CAN2_RX1_IRQHandler
                0x00000000080040ec                EXTI3_IRQHandler
                0x00000000080040ec                TIM8_TRG_COM_TIM14_IRQHandler
                0x00000000080040ec                TIM8_UP_TIM13_IRQHandler
                0x00000000080040ec                I2C3_ER_IRQHandler
                0x00000000080040ec                EXTI0_IRQHandler
                0x00000000080040ec                I2C2_EV_IRQHandler
                0x00000000080040ec                DMA1_Stream2_IRQHandler
                0x00000000080040ec                CAN1_RX0_IRQHandler
                0x00000000080040ec                FPU_IRQHandler
                0x00000000080040ec                OTG_HS_WKUP_IRQHandler
                0x00000000080040ec                LTDC_ER_IRQHandler
                0x00000000080040ec                CAN2_SCE_IRQHandler
                0x00000000080040ec                DMA2_Stream2_IRQHandler
                0x00000000080040ec                SPI1_IRQHandler
                0x00000000080040ec                TIM6_DAC_IRQHandler
                0x00000000080040ec                TIM1_BRK_TIM9_IRQHandler
                0x00000000080040ec                DCMI_IRQHandler
                0x00000000080040ec                CAN2_RX0_IRQHandler
                0x00000000080040ec                DMA2_Stream3_IRQHandler
                0x00000000080040ec                CAN1_RX1_IRQHandler
                0x00000000080040ec                UART5_IRQHandler
                0x00000000080040ec                DMA2_Stream0_IRQHandler
                0x00000000080040ec                I2C1_EV_IRQHandler
                0x00000000080040ec                DMA1_Stream6_IRQHandler
                0x00000000080040ec                DMA1_Stream1_IRQHandler
                0x00000000080040ec                UART4_IRQHandler
                0x00000000080040ec                RCC_IRQHandler
                0x00000000080040ec                TIM8_BRK_TIM12_IRQHandler
                0x00000000080040ec                Default_Handler
                0x00000000080040ec                EXTI15_10_IRQHandler
                0x00000000080040ec                ADC_IRQHandler
                0x00000000080040ec                DMA1_Stream7_IRQHandler
                0x00000000080040ec                SPI5_IRQHandler
                0x00000000080040ec                TIM7_IRQHandler
                0x00000000080040ec                CAN2_TX_IRQHandler
                0x00000000080040ec                DMA2_Stream7_IRQHandler
                0x00000000080040ec                I2C3_EV_IRQHandler
                0x00000000080040ec                EXTI9_5_IRQHandler
                0x00000000080040ec                RTC_WKUP_IRQHandler
                0x00000000080040ec                LTDC_IRQHandler
                0x00000000080040ec                ETH_WKUP_IRQHandler
                0x00000000080040ec                SPI2_IRQHandler
                0x00000000080040ec                OTG_HS_EP1_IN_IRQHandler
                0x00000000080040ec                DMA1_Stream0_IRQHandler
                0x00000000080040ec                CAN1_TX_IRQHandler
                0x00000000080040ec                EXTI4_IRQHandler
                0x00000000080040ec                ETH_IRQHandler
                0x00000000080040ec                OTG_HS_EP1_OUT_IRQHandler
                0x00000000080040ec                WWDG_IRQHandler
                0x00000000080040ec                SPI6_IRQHandler
                0x00000000080040ec                TIM2_IRQHandler
                0x00000000080040ec                OTG_FS_WKUP_IRQHandler
                0x00000000080040ec                OTG_HS_IRQHandler
                0x00000000080040ec                DMA2D_IRQHandler
                0x00000000080040ec                EXTI1_IRQHandler
                0x00000000080040ec                UART7_IRQHandler
                0x00000000080040ec                USART2_IRQHandler
                0x00000000080040ec                I2C2_ER_IRQHandler
                0x00000000080040ec                DMA2_Stream1_IRQHandler
                0x00000000080040ec                CAN1_SCE_IRQHandler
                0x00000000080040ec                FLASH_IRQHandler
                0x00000000080040ec                DMA2_Stream4_IRQHandler
                0x00000000080040ec                USART1_IRQHandler
                0x00000000080040ec                OTG_FS_IRQHandler
                0x00000000080040ec                SPI3_IRQHandler
                0x00000000080040ec                DMA1_Stream4_IRQHandler
                0x00000000080040ec                I2C1_ER_IRQHandler
                0x00000000080040ec                FMC_IRQHandler
                0x00000000080040ec                DMA2_Stream6_IRQHandler
                0x00000000080040ec                SAI1_IRQHandler
                0x00000000080040ec                DMA1_Stream3_IRQHandler
 *fill*         0x00000000080040ee        0x2 
 .text.HAL_Init
                0x00000000080040f0       0x44 ./Drivers/STM32F4xx_HAL_Driver/Src/stm32f4xx_hal.o
                0x00000000080040f0                HAL_Init
 .text.HAL_InitTick
                0x0000000008004134       0x60 ./Drivers/STM32F4xx_HAL_Driver/Src/stm32f4xx_hal.o
                0x0000000008004134                HAL_InitTick
 .text.HAL_IncTick
                0x0000000008004194       0x28 ./Drivers/STM32F4xx_HAL_Driver/Src/stm32f4xx_hal.o
                0x0000000008004194                HAL_IncTick
 .text.HAL_GetTick
                0x00000000080041bc       0x18 ./Drivers/STM32F4xx_HAL_Driver/Src/stm32f4xx_hal.o
                0x00000000080041bc                HAL_GetTick
 .text.HAL_Delay
                0x00000000080041d4       0x48 ./Drivers/STM32F4xx_HAL_Driver/Src/stm32f4xx_hal.o
                0x00000000080041d4                HAL_Delay
 .text.__NVIC_SetPriorityGrouping
                0x000000000800421c       0x48 ./Drivers/STM32F4xx_HAL_Driver/Src/stm32f4xx_hal_cortex.o
 .text.__NVIC_GetPriorityGrouping
                0x0000000008004264       0x1c ./Drivers/STM32F4xx_HAL_Driver/Src/stm32f4xx_hal_cortex.o
 .text.__NVIC_EnableIRQ
                0x0000000008004280       0x3c ./Drivers/STM32F4xx_HAL_Driver/Src/stm32f4xx_hal_cortex.o
 .text.__NVIC_SetPriority
                0x00000000080042bc       0x54 ./Drivers/STM32F4xx_HAL_Driver/Src/stm32f4xx_hal_cortex.o
 .text.NVIC_EncodePriority
                0x0000000008004310       0x66 ./Drivers/STM32F4xx_HAL_Driver/Src/stm32f4xx_hal_cortex.o
 *fill*         0x0000000008004376        0x2 
 .text.SysTick_Config
                0x0000000008004378       0x44 ./Drivers/STM32F4xx_HAL_Driver/Src/stm32f4xx_hal_cortex.o
 .text.HAL_NVIC_SetPriorityGrouping
                0x00000000080043bc       0x16 ./Drivers/STM32F4xx_HAL_Driver/Src/stm32f4xx_hal_cortex.o
                0x00000000080043bc                HAL_NVIC_SetPriorityGrouping
 .text.HAL_NVIC_SetPriority
                0x00000000080043d2       0x38 ./Drivers/STM32F4xx_HAL_Driver/Src/stm32f4xx_hal_cortex.o
                0x00000000080043d2                HAL_NVIC_SetPriority
 .text.HAL_NVIC_EnableIRQ
                0x000000000800440a       0x1c ./Drivers/STM32F4xx_HAL_Driver/Src/stm32f4xx_hal_cortex.o
                0x000000000800440a                HAL_NVIC_EnableIRQ
 .text.HAL_SYSTICK_Config
                0x0000000008004426       0x18 ./Drivers/STM32F4xx_HAL_Driver/Src/stm32f4xx_hal_cortex.o
                0x0000000008004426                HAL_SYSTICK_Config
 .text.HAL_DMA_Abort
                0x000000000800443e       0xe0 ./Drivers/STM32F4xx_HAL_Driver/Src/stm32f4xx_hal_dma.o
                0x000000000800443e                HAL_DMA_Abort
 .text.HAL_DMA_Abort_IT
                0x000000000800451e       0x44 ./Drivers/STM32F4xx_HAL_Driver/Src/stm32f4xx_hal_dma.o
                0x000000000800451e                HAL_DMA_Abort_IT
 *fill*         0x0000000008004562        0x2 
 .text.HAL_ETH_Init
                0x0000000008004564       0xfc ./Drivers/STM32F4xx_HAL_Driver/Src/stm32f4xx_hal_eth.o
                0x0000000008004564                HAL_ETH_Init
 .text.ETH_SetMACConfig
                0x0000000008004660      0x160 ./Drivers/STM32F4xx_HAL_Driver/Src/stm32f4xx_hal_eth.o
 .text.ETH_SetDMAConfig
                0x00000000080047c0      0x114 ./Drivers/STM32F4xx_HAL_Driver/Src/stm32f4xx_hal_eth.o
 .text.ETH_MACDMAConfig
                0x00000000080048d4       0xe4 ./Drivers/STM32F4xx_HAL_Driver/Src/stm32f4xx_hal_eth.o
 .text.ETH_MACAddressConfig
                0x00000000080049b8       0x70 ./Drivers/STM32F4xx_HAL_Driver/Src/stm32f4xx_hal_eth.o
 .text.ETH_DMATxDescListInit
                0x0000000008004a28       0xb2 ./Drivers/STM32F4xx_HAL_Driver/Src/stm32f4xx_hal_eth.o
 .text.ETH_DMARxDescListInit
                0x0000000008004ada       0xda ./Drivers/STM32F4xx_HAL_Driver/Src/stm32f4xx_hal_eth.o
 .text.HAL_GPIO_Init
                0x0000000008004bb4      0x358 ./Drivers/STM32F4xx_HAL_Driver/Src/stm32f4xx_hal_gpio.o
                0x0000000008004bb4                HAL_GPIO_Init
 .text.HAL_GPIO_ReadPin
                0x0000000008004f0c       0x30 ./Drivers/STM32F4xx_HAL_Driver/Src/stm32f4xx_hal_gpio.o
                0x0000000008004f0c                HAL_GPIO_ReadPin
 .text.HAL_GPIO_WritePin
                0x0000000008004f3c       0x32 ./Drivers/STM32F4xx_HAL_Driver/Src/stm32f4xx_hal_gpio.o
                0x0000000008004f3c                HAL_GPIO_WritePin
 .text.HAL_GPIO_TogglePin
                0x0000000008004f6e       0x34 ./Drivers/STM32F4xx_HAL_Driver/Src/stm32f4xx_hal_gpio.o
                0x0000000008004f6e                HAL_GPIO_TogglePin
 *fill*         0x0000000008004fa2        0x2 
 .text.HAL_I2C_Init
                0x0000000008004fa4      0x288 ./Drivers/STM32F4xx_HAL_Driver/Src/stm32f4xx_hal_i2c.o
                0x0000000008004fa4                HAL_I2C_Init
 .text.HAL_I2C_Master_Transmit
                0x000000000800522c      0x1fc ./Drivers/STM32F4xx_HAL_Driver/Src/stm32f4xx_hal_i2c.o
                0x000000000800522c                HAL_I2C_Master_Transmit
 .text.I2C_MasterRequestWrite
                0x0000000008005428      0x104 ./Drivers/STM32F4xx_HAL_Driver/Src/stm32f4xx_hal_i2c.o
 .text.I2C_WaitOnFlagUntilTimeout
                0x000000000800552c       0xae ./Drivers/STM32F4xx_HAL_Driver/Src/stm32f4xx_hal_i2c.o
 .text.I2C_WaitOnMasterAddressFlagUntilTimeout
                0x00000000080055da       0xfe ./Drivers/STM32F4xx_HAL_Driver/Src/stm32f4xx_hal_i2c.o
 .text.I2C_WaitOnTXEFlagUntilTimeout
                0x00000000080056d8       0x82 ./Drivers/STM32F4xx_HAL_Driver/Src/stm32f4xx_hal_i2c.o
 .text.I2C_WaitOnBTFFlagUntilTimeout
                0x000000000800575a       0x82 ./Drivers/STM32F4xx_HAL_Driver/Src/stm32f4xx_hal_i2c.o
 .text.I2C_IsAcknowledgeFailed
                0x00000000080057dc       0x5e ./Drivers/STM32F4xx_HAL_Driver/Src/stm32f4xx_hal_i2c.o
 .text.HAL_I2CEx_ConfigAnalogFilter
                0x000000000800583a       0x78 ./Drivers/STM32F4xx_HAL_Driver/Src/stm32f4xx_hal_i2c_ex.o
                0x000000000800583a                HAL_I2CEx_ConfigAnalogFilter
 .text.HAL_I2CEx_ConfigDigitalFilter
                0x00000000080058b2       0x7e ./Drivers/STM32F4xx_HAL_Driver/Src/stm32f4xx_hal_i2c_ex.o
                0x00000000080058b2                HAL_I2CEx_ConfigDigitalFilter
 .text.HAL_PCD_Init
                0x0000000008005930      0x23a ./Drivers/STM32F4xx_HAL_Driver/Src/stm32f4xx_hal_pcd.o
                0x0000000008005930                HAL_PCD_Init
 *fill*         0x0000000008005b6a        0x2 
 .text.HAL_RCC_OscConfig
                0x0000000008005b6c      0x4f0 ./Drivers/STM32F4xx_HAL_Driver/Src/stm32f4xx_hal_rcc.o
                0x0000000008005b6c                HAL_RCC_OscConfig
 .text.HAL_RCC_ClockConfig
                0x000000000800605c      0x1cc ./Drivers/STM32F4xx_HAL_Driver/Src/stm32f4xx_hal_rcc.o
                0x000000000800605c                HAL_RCC_ClockConfig
 .text.HAL_RCC_GetSysClockFreq
                0x0000000008006228      0x20c ./Drivers/STM32F4xx_HAL_Driver/Src/stm32f4xx_hal_rcc.o
                0x0000000008006228                HAL_RCC_GetSysClockFreq
 .text.HAL_RCC_GetHCLKFreq
                0x0000000008006434       0x18 ./Drivers/STM32F4xx_HAL_Driver/Src/stm32f4xx_hal_rcc.o
                0x0000000008006434                HAL_RCC_GetHCLKFreq
 .text.HAL_RCC_GetPCLK1Freq
                0x000000000800644c       0x28 ./Drivers/STM32F4xx_HAL_Driver/Src/stm32f4xx_hal_rcc.o
                0x000000000800644c                HAL_RCC_GetPCLK1Freq
 .text.HAL_RCC_GetPCLK2Freq
                0x0000000008006474       0x28 ./Drivers/STM32F4xx_HAL_Driver/Src/stm32f4xx_hal_rcc.o
                0x0000000008006474                HAL_RCC_GetPCLK2Freq
 .text.HAL_RCCEx_PeriphCLKConfig
                0x000000000800649c      0x380 ./Drivers/STM32F4xx_HAL_Driver/Src/stm32f4xx_hal_rcc_ex.o
                0x000000000800649c                HAL_RCCEx_PeriphCLKConfig
 .text.HAL_RTC_Init
                0x000000000800681c       0xec ./Drivers/STM32F4xx_HAL_Driver/Src/stm32f4xx_hal_rtc.o
                0x000000000800681c                HAL_RTC_Init
 .text.HAL_RTC_SetTime
                0x0000000008006908      0x134 ./Drivers/STM32F4xx_HAL_Driver/Src/stm32f4xx_hal_rtc.o
                0x0000000008006908                HAL_RTC_SetTime
 .text.HAL_RTC_SetDate
                0x0000000008006a3c      0x108 ./Drivers/STM32F4xx_HAL_Driver/Src/stm32f4xx_hal_rtc.o
                0x0000000008006a3c                HAL_RTC_SetDate
 .text.HAL_RTC_WaitForSynchro
                0x0000000008006b44       0x50 ./Drivers/STM32F4xx_HAL_Driver/Src/stm32f4xx_hal_rtc.o
                0x0000000008006b44                HAL_RTC_WaitForSynchro
 .text.RTC_EnterInitMode
                0x0000000008006b94       0x6e ./Drivers/STM32F4xx_HAL_Driver/Src/stm32f4xx_hal_rtc.o
                0x0000000008006b94                RTC_EnterInitMode
 .text.RTC_ExitInitMode
                0x0000000008006c02       0x4a ./Drivers/STM32F4xx_HAL_Driver/Src/stm32f4xx_hal_rtc.o
                0x0000000008006c02                RTC_ExitInitMode
 .text.RTC_ByteToBcd2
                0x0000000008006c4c       0x3a ./Drivers/STM32F4xx_HAL_Driver/Src/stm32f4xx_hal_rtc.o
                0x0000000008006c4c                RTC_ByteToBcd2
 .text.HAL_TIM_Base_Init
                0x0000000008006c86       0x9e ./Drivers/STM32F4xx_HAL_Driver/Src/stm32f4xx_hal_tim.o
                0x0000000008006c86                HAL_TIM_Base_Init
 .text.HAL_TIM_Base_Start_IT
                0x0000000008006d24       0xe0 ./Drivers/STM32F4xx_HAL_Driver/Src/stm32f4xx_hal_tim.o
                0x0000000008006d24                HAL_TIM_Base_Start_IT
 .text.HAL_TIM_PWM_Init
                0x0000000008006e04       0x9e ./Drivers/STM32F4xx_HAL_Driver/Src/stm32f4xx_hal_tim.o
                0x0000000008006e04                HAL_TIM_PWM_Init
 *fill*         0x0000000008006ea2        0x2 
 .text.HAL_TIM_PWM_Start
                0x0000000008006ea4      0x190 ./Drivers/STM32F4xx_HAL_Driver/Src/stm32f4xx_hal_tim.o
                0x0000000008006ea4                HAL_TIM_PWM_Start
 .text.HAL_TIM_PWM_Stop
                0x0000000008007034       0xe0 ./Drivers/STM32F4xx_HAL_Driver/Src/stm32f4xx_hal_tim.o
                0x0000000008007034                HAL_TIM_PWM_Stop
 .text.HAL_TIM_PWM_Start_IT
                0x0000000008007114      0x22c ./Drivers/STM32F4xx_HAL_Driver/Src/stm32f4xx_hal_tim.o
                0x0000000008007114                HAL_TIM_PWM_Start_IT
 .text.HAL_TIM_IC_Init
                0x0000000008007340       0x9e ./Drivers/STM32F4xx_HAL_Driver/Src/stm32f4xx_hal_tim.o
                0x0000000008007340                HAL_TIM_IC_Init
 *fill*         0x00000000080073de        0x2 
 .text.HAL_TIM_IC_Start_IT
                0x00000000080073e0      0x250 ./Drivers/STM32F4xx_HAL_Driver/Src/stm32f4xx_hal_tim.o
                0x00000000080073e0                HAL_TIM_IC_Start_IT
 .text.HAL_TIM_IRQHandler
                0x0000000008007630      0x210 ./Drivers/STM32F4xx_HAL_Driver/Src/stm32f4xx_hal_tim.o
                0x0000000008007630                HAL_TIM_IRQHandler
 .text.HAL_TIM_IC_ConfigChannel
                0x0000000008007840      0x138 ./Drivers/STM32F4xx_HAL_Driver/Src/stm32f4xx_hal_tim.o
                0x0000000008007840                HAL_TIM_IC_ConfigChannel
 .text.HAL_TIM_PWM_ConfigChannel
                0x0000000008007978      0x184 ./Drivers/STM32F4xx_HAL_Driver/Src/stm32f4xx_hal_tim.o
                0x0000000008007978                HAL_TIM_PWM_ConfigChannel
 .text.HAL_TIM_ConfigClockSource
                0x0000000008007afc      0x18e ./Drivers/STM32F4xx_HAL_Driver/Src/stm32f4xx_hal_tim.o
                0x0000000008007afc                HAL_TIM_ConfigClockSource
 *fill*         0x0000000008007c8a        0x2 
 .text.HAL_TIM_ReadCapturedValue
                0x0000000008007c8c       0x88 ./Drivers/STM32F4xx_HAL_Driver/Src/stm32f4xx_hal_tim.o
                0x0000000008007c8c                HAL_TIM_ReadCapturedValue
 .text.HAL_TIM_OC_DelayElapsedCallback
                0x0000000008007d14       0x14 ./Drivers/STM32F4xx_HAL_Driver/Src/stm32f4xx_hal_tim.o
                0x0000000008007d14                HAL_TIM_OC_DelayElapsedCallback
 .text.HAL_TIM_PWM_PulseFinishedCallback
                0x0000000008007d28       0x14 ./Drivers/STM32F4xx_HAL_Driver/Src/stm32f4xx_hal_tim.o
                0x0000000008007d28                HAL_TIM_PWM_PulseFinishedCallback
 .text.HAL_TIM_TriggerCallback
                0x0000000008007d3c       0x14 ./Drivers/STM32F4xx_HAL_Driver/Src/stm32f4xx_hal_tim.o
                0x0000000008007d3c                HAL_TIM_TriggerCallback
 .text.TIM_Base_SetConfig
                0x0000000008007d50      0x140 ./Drivers/STM32F4xx_HAL_Driver/Src/stm32f4xx_hal_tim.o
                0x0000000008007d50                TIM_Base_SetConfig
 .text.TIM_OC1_SetConfig
                0x0000000008007e90       0xe0 ./Drivers/STM32F4xx_HAL_Driver/Src/stm32f4xx_hal_tim.o
 .text.TIM_OC2_SetConfig
                0x0000000008007f70       0xec ./Drivers/STM32F4xx_HAL_Driver/Src/stm32f4xx_hal_tim.o
                0x0000000008007f70                TIM_OC2_SetConfig
 .text.TIM_OC3_SetConfig
                0x000000000800805c       0xe8 ./Drivers/STM32F4xx_HAL_Driver/Src/stm32f4xx_hal_tim.o
 .text.TIM_OC4_SetConfig
                0x0000000008008144       0xac ./Drivers/STM32F4xx_HAL_Driver/Src/stm32f4xx_hal_tim.o
 .text.TIM_TI1_SetConfig
                0x00000000080081f0       0xe8 ./Drivers/STM32F4xx_HAL_Driver/Src/stm32f4xx_hal_tim.o
                0x00000000080081f0                TIM_TI1_SetConfig
 .text.TIM_TI1_ConfigInputStage
                0x00000000080082d8       0x5e ./Drivers/STM32F4xx_HAL_Driver/Src/stm32f4xx_hal_tim.o
 .text.TIM_TI2_SetConfig
                0x0000000008008336       0x7a ./Drivers/STM32F4xx_HAL_Driver/Src/stm32f4xx_hal_tim.o
 .text.TIM_TI2_ConfigInputStage
                0x00000000080083b0       0x60 ./Drivers/STM32F4xx_HAL_Driver/Src/stm32f4xx_hal_tim.o
 .text.TIM_TI3_SetConfig
                0x0000000008008410       0x78 ./Drivers/STM32F4xx_HAL_Driver/Src/stm32f4xx_hal_tim.o
 .text.TIM_TI4_SetConfig
                0x0000000008008488       0x7a ./Drivers/STM32F4xx_HAL_Driver/Src/stm32f4xx_hal_tim.o
 .text.TIM_ITRx_SetConfig
                0x0000000008008502       0x36 ./Drivers/STM32F4xx_HAL_Driver/Src/stm32f4xx_hal_tim.o
 .text.TIM_ETR_SetConfig
                0x0000000008008538       0x40 ./Drivers/STM32F4xx_HAL_Driver/Src/stm32f4xx_hal_tim.o
                0x0000000008008538                TIM_ETR_SetConfig
 .text.TIM_CCxChannelCmd
                0x0000000008008578       0x4a ./Drivers/STM32F4xx_HAL_Driver/Src/stm32f4xx_hal_tim.o
                0x0000000008008578                TIM_CCxChannelCmd
 *fill*         0x00000000080085c2        0x2 
 .text.HAL_TIMEx_MasterConfigSynchronization
                0x00000000080085c4       0xf8 ./Drivers/STM32F4xx_HAL_Driver/Src/stm32f4xx_hal_tim_ex.o
                0x00000000080085c4                HAL_TIMEx_MasterConfigSynchronization
 .text.HAL_TIMEx_CommutCallback
                0x00000000080086bc       0x14 ./Drivers/STM32F4xx_HAL_Driver/Src/stm32f4xx_hal_tim_ex.o
                0x00000000080086bc                HAL_TIMEx_CommutCallback
 .text.HAL_TIMEx_BreakCallback
                0x00000000080086d0       0x14 ./Drivers/STM32F4xx_HAL_Driver/Src/stm32f4xx_hal_tim_ex.o
                0x00000000080086d0                HAL_TIMEx_BreakCallback
 .text.HAL_UART_Init
                0x00000000080086e4       0x9a ./Drivers/STM32F4xx_HAL_Driver/Src/stm32f4xx_hal_uart.o
                0x00000000080086e4                HAL_UART_Init
 .text.HAL_UART_Transmit
                0x000000000800877e      0x124 ./Drivers/STM32F4xx_HAL_Driver/Src/stm32f4xx_hal_uart.o
                0x000000000800877e                HAL_UART_Transmit
 .text.HAL_UART_Receive_IT
                0x00000000080088a2       0x60 ./Drivers/STM32F4xx_HAL_Driver/Src/stm32f4xx_hal_uart.o
                0x00000000080088a2                HAL_UART_Receive_IT
 *fill*         0x0000000008008902        0x2 
 .text.HAL_UART_IRQHandler
                0x0000000008008904      0x51c ./Drivers/STM32F4xx_HAL_Driver/Src/stm32f4xx_hal_uart.o
                0x0000000008008904                HAL_UART_IRQHandler
 .text.HAL_UART_TxCpltCallback
                0x0000000008008e20       0x14 ./Drivers/STM32F4xx_HAL_Driver/Src/stm32f4xx_hal_uart.o
                0x0000000008008e20                HAL_UART_TxCpltCallback
 .text.HAL_UART_ErrorCallback
                0x0000000008008e34       0x14 ./Drivers/STM32F4xx_HAL_Driver/Src/stm32f4xx_hal_uart.o
                0x0000000008008e34                HAL_UART_ErrorCallback
 .text.HAL_UARTEx_RxEventCallback
                0x0000000008008e48       0x18 ./Drivers/STM32F4xx_HAL_Driver/Src/stm32f4xx_hal_uart.o
                0x0000000008008e48                HAL_UARTEx_RxEventCallback
 .text.UART_WaitOnFlagUntilTimeout
                0x0000000008008e60       0xdc ./Drivers/STM32F4xx_HAL_Driver/Src/stm32f4xx_hal_uart.o
 .text.UART_Start_Receive_IT
                0x0000000008008f3c       0x7c ./Drivers/STM32F4xx_HAL_Driver/Src/stm32f4xx_hal_uart.o
                0x0000000008008f3c                UART_Start_Receive_IT
 .text.UART_EndRxTransfer
                0x0000000008008fb8       0xc6 ./Drivers/STM32F4xx_HAL_Driver/Src/stm32f4xx_hal_uart.o
 .text.UART_DMAAbortOnError
                0x000000000800907e       0x28 ./Drivers/STM32F4xx_HAL_Driver/Src/stm32f4xx_hal_uart.o
 .text.UART_Transmit_IT
                0x00000000080090a6       0xa0 ./Drivers/STM32F4xx_HAL_Driver/Src/stm32f4xx_hal_uart.o
 .text.UART_EndTransmit_IT
                0x0000000008009146       0x30 ./Drivers/STM32F4xx_HAL_Driver/Src/stm32f4xx_hal_uart.o
 .text.UART_Receive_IT
                0x0000000008009176      0x176 ./Drivers/STM32F4xx_HAL_Driver/Src/stm32f4xx_hal_uart.o
 .text.UART_SetConfig
                0x00000000080092ec      0x4e8 ./Drivers/STM32F4xx_HAL_Driver/Src/stm32f4xx_hal_uart.o
 .text.USB_CoreInit
                0x00000000080097d4       0xc2 ./Drivers/STM32F4xx_HAL_Driver/Src/stm32f4xx_ll_usb.o
                0x00000000080097d4                USB_CoreInit
 .text.USB_DisableGlobalInt
                0x0000000008009896       0x22 ./Drivers/STM32F4xx_HAL_Driver/Src/stm32f4xx_ll_usb.o
                0x0000000008009896                USB_DisableGlobalInt
 .text.USB_SetCurrentMode
                0x00000000080098b8       0x98 ./Drivers/STM32F4xx_HAL_Driver/Src/stm32f4xx_ll_usb.o
                0x00000000080098b8                USB_SetCurrentMode
 .text.USB_DevInit
                0x0000000008009950      0x2c8 ./Drivers/STM32F4xx_HAL_Driver/Src/stm32f4xx_ll_usb.o
                0x0000000008009950                USB_DevInit
 .text.USB_FlushTxFifo
                0x0000000008009c18       0x68 ./Drivers/STM32F4xx_HAL_Driver/Src/stm32f4xx_ll_usb.o
                0x0000000008009c18                USB_FlushTxFifo
 .text.USB_FlushRxFifo
                0x0000000008009c80       0x60 ./Drivers/STM32F4xx_HAL_Driver/Src/stm32f4xx_ll_usb.o
                0x0000000008009c80                USB_FlushRxFifo
 .text.USB_SetDevSpeed
                0x0000000008009ce0       0x32 ./Drivers/STM32F4xx_HAL_Driver/Src/stm32f4xx_ll_usb.o
                0x0000000008009ce0                USB_SetDevSpeed
 .text.USB_DevDisconnect
                0x0000000008009d12       0x42 ./Drivers/STM32F4xx_HAL_Driver/Src/stm32f4xx_ll_usb.o
                0x0000000008009d12                USB_DevDisconnect
 .text.USB_GetMode
                0x0000000008009d54       0x1c ./Drivers/STM32F4xx_HAL_Driver/Src/stm32f4xx_ll_usb.o
                0x0000000008009d54                USB_GetMode
 .text.USB_CoreReset
                0x0000000008009d70       0x68 ./Drivers/STM32F4xx_HAL_Driver/Src/stm32f4xx_ll_usb.o
 .text.__errno  0x0000000008009dd8        0xc c:/st/stm32cubeide_1.12.0/stm32cubeide/plugins/com.st.stm32cube.ide.mcu.externaltools.gnu-tools-for-stm32.10.3-2021.10.win32_1.0.200.202301161003/tools/bin/../lib/gcc/arm-none-eabi/10.3.1/../../../../arm-none-eabi/lib/thumb/v7e-m+fp/hard\libc_nano.a(lib_a-errno.o)
                0x0000000008009dd8                __errno
 .text.__libc_init_array
                0x0000000008009de4       0x48 c:/st/stm32cubeide_1.12.0/stm32cubeide/plugins/com.st.stm32cube.ide.mcu.externaltools.gnu-tools-for-stm32.10.3-2021.10.win32_1.0.200.202301161003/tools/bin/../lib/gcc/arm-none-eabi/10.3.1/../../../../arm-none-eabi/lib/thumb/v7e-m+fp/hard\libc_nano.a(lib_a-init.o)
                0x0000000008009de4                __libc_init_array
 .text.memset   0x0000000008009e2c       0x10 c:/st/stm32cubeide_1.12.0/stm32cubeide/plugins/com.st.stm32cube.ide.mcu.externaltools.gnu-tools-for-stm32.10.3-2021.10.win32_1.0.200.202301161003/tools/bin/../lib/gcc/arm-none-eabi/10.3.1/../../../../arm-none-eabi/lib/thumb/v7e-m+fp/hard\libc_nano.a(lib_a-memset.o)
                0x0000000008009e2c                memset
 .text.printf   0x0000000008009e3c       0x30 c:/st/stm32cubeide_1.12.0/stm32cubeide/plugins/com.st.stm32cube.ide.mcu.externaltools.gnu-tools-for-stm32.10.3-2021.10.win32_1.0.200.202301161003/tools/bin/../lib/gcc/arm-none-eabi/10.3.1/../../../../arm-none-eabi/lib/thumb/v7e-m+fp/hard\libc_nano.a(lib_a-printf.o)
                0x0000000008009e3c                iprintf
                0x0000000008009e3c                printf
 .text._puts_r  0x0000000008009e6c       0xdc c:/st/stm32cubeide_1.12.0/stm32cubeide/plugins/com.st.stm32cube.ide.mcu.externaltools.gnu-tools-for-stm32.10.3-2021.10.win32_1.0.200.202301161003/tools/bin/../lib/gcc/arm-none-eabi/10.3.1/../../../../arm-none-eabi/lib/thumb/v7e-m+fp/hard\libc_nano.a(lib_a-puts.o)
                0x0000000008009e6c                _puts_r
 .text.puts     0x0000000008009f48       0x10 c:/st/stm32cubeide_1.12.0/stm32cubeide/plugins/com.st.stm32cube.ide.mcu.externaltools.gnu-tools-for-stm32.10.3-2021.10.win32_1.0.200.202301161003/tools/bin/../lib/gcc/arm-none-eabi/10.3.1/../../../../arm-none-eabi/lib/thumb/v7e-m+fp/hard\libc_nano.a(lib_a-puts.o)
                0x0000000008009f48                puts
 .text.sprintf  0x0000000008009f58       0x40 c:/st/stm32cubeide_1.12.0/stm32cubeide/plugins/com.st.stm32cube.ide.mcu.externaltools.gnu-tools-for-stm32.10.3-2021.10.win32_1.0.200.202301161003/tools/bin/../lib/gcc/arm-none-eabi/10.3.1/../../../../arm-none-eabi/lib/thumb/v7e-m+fp/hard\libc_nano.a(lib_a-sprintf.o)
                0x0000000008009f58                siprintf
                0x0000000008009f58                sprintf
 .text.__swbuf_r
                0x0000000008009f98       0xa4 c:/st/stm32cubeide_1.12.0/stm32cubeide/plugins/com.st.stm32cube.ide.mcu.externaltools.gnu-tools-for-stm32.10.3-2021.10.win32_1.0.200.202301161003/tools/bin/../lib/gcc/arm-none-eabi/10.3.1/../../../../arm-none-eabi/lib/thumb/v7e-m+fp/hard\libc_nano.a(lib_a-wbuf.o)
                0x0000000008009f98                __swbuf_r
 .text.__swsetup_r
                0x000000000800a03c       0xdc c:/st/stm32cubeide_1.12.0/stm32cubeide/plugins/com.st.stm32cube.ide.mcu.externaltools.gnu-tools-for-stm32.10.3-2021.10.win32_1.0.200.202301161003/tools/bin/../lib/gcc/arm-none-eabi/10.3.1/../../../../arm-none-eabi/lib/thumb/v7e-m+fp/hard\libc_nano.a(lib_a-wsetup.o)
                0x000000000800a03c                __swsetup_r
 .text.__sflush_r
                0x000000000800a118      0x10c c:/st/stm32cubeide_1.12.0/stm32cubeide/plugins/com.st.stm32cube.ide.mcu.externaltools.gnu-tools-for-stm32.10.3-2021.10.win32_1.0.200.202301161003/tools/bin/../lib/gcc/arm-none-eabi/10.3.1/../../../../arm-none-eabi/lib/thumb/v7e-m+fp/hard\libc_nano.a(lib_a-fflush.o)
                0x000000000800a118                __sflush_r
 .text._fflush_r
                0x000000000800a224       0x78 c:/st/stm32cubeide_1.12.0/stm32cubeide/plugins/com.st.stm32cube.ide.mcu.externaltools.gnu-tools-for-stm32.10.3-2021.10.win32_1.0.200.202301161003/tools/bin/../lib/gcc/arm-none-eabi/10.3.1/../../../../arm-none-eabi/lib/thumb/v7e-m+fp/hard\libc_nano.a(lib_a-fflush.o)
                0x000000000800a224                _fflush_r
 .text.std      0x000000000800a29c       0x48 c:/st/stm32cubeide_1.12.0/stm32cubeide/plugins/com.st.stm32cube.ide.mcu.externaltools.gnu-tools-for-stm32.10.3-2021.10.win32_1.0.200.202301161003/tools/bin/../lib/gcc/arm-none-eabi/10.3.1/../../../../arm-none-eabi/lib/thumb/v7e-m+fp/hard\libc_nano.a(lib_a-findfp.o)
 .text._cleanup_r
                0x000000000800a2e4        0xc c:/st/stm32cubeide_1.12.0/stm32cubeide/plugins/com.st.stm32cube.ide.mcu.externaltools.gnu-tools-for-stm32.10.3-2021.10.win32_1.0.200.202301161003/tools/bin/../lib/gcc/arm-none-eabi/10.3.1/../../../../arm-none-eabi/lib/thumb/v7e-m+fp/hard\libc_nano.a(lib_a-findfp.o)
                0x000000000800a2e4                _cleanup_r
 .text.__sfmoreglue
                0x000000000800a2f0       0x2c c:/st/stm32cubeide_1.12.0/stm32cubeide/plugins/com.st.stm32cube.ide.mcu.externaltools.gnu-tools-for-stm32.10.3-2021.10.win32_1.0.200.202301161003/tools/bin/../lib/gcc/arm-none-eabi/10.3.1/../../../../arm-none-eabi/lib/thumb/v7e-m+fp/hard\libc_nano.a(lib_a-findfp.o)
                0x000000000800a2f0                __sfmoreglue
 .text.__sfp_lock_acquire
                0x000000000800a31c        0xc c:/st/stm32cubeide_1.12.0/stm32cubeide/plugins/com.st.stm32cube.ide.mcu.externaltools.gnu-tools-for-stm32.10.3-2021.10.win32_1.0.200.202301161003/tools/bin/../lib/gcc/arm-none-eabi/10.3.1/../../../../arm-none-eabi/lib/thumb/v7e-m+fp/hard\libc_nano.a(lib_a-findfp.o)
                0x000000000800a31c                __sfp_lock_acquire
 .text.__sfp_lock_release
                0x000000000800a328        0xc c:/st/stm32cubeide_1.12.0/stm32cubeide/plugins/com.st.stm32cube.ide.mcu.externaltools.gnu-tools-for-stm32.10.3-2021.10.win32_1.0.200.202301161003/tools/bin/../lib/gcc/arm-none-eabi/10.3.1/../../../../arm-none-eabi/lib/thumb/v7e-m+fp/hard\libc_nano.a(lib_a-findfp.o)
                0x000000000800a328                __sfp_lock_release
 .text.__sinit_lock_acquire
                0x000000000800a334        0xc c:/st/stm32cubeide_1.12.0/stm32cubeide/plugins/com.st.stm32cube.ide.mcu.externaltools.gnu-tools-for-stm32.10.3-2021.10.win32_1.0.200.202301161003/tools/bin/../lib/gcc/arm-none-eabi/10.3.1/../../../../arm-none-eabi/lib/thumb/v7e-m+fp/hard\libc_nano.a(lib_a-findfp.o)
                0x000000000800a334                __sinit_lock_acquire
 .text.__sinit_lock_release
                0x000000000800a340        0xc c:/st/stm32cubeide_1.12.0/stm32cubeide/plugins/com.st.stm32cube.ide.mcu.externaltools.gnu-tools-for-stm32.10.3-2021.10.win32_1.0.200.202301161003/tools/bin/../lib/gcc/arm-none-eabi/10.3.1/../../../../arm-none-eabi/lib/thumb/v7e-m+fp/hard\libc_nano.a(lib_a-findfp.o)
                0x000000000800a340                __sinit_lock_release
 .text.__sinit  0x000000000800a34c       0x70 c:/st/stm32cubeide_1.12.0/stm32cubeide/plugins/com.st.stm32cube.ide.mcu.externaltools.gnu-tools-for-stm32.10.3-2021.10.win32_1.0.200.202301161003/tools/bin/../lib/gcc/arm-none-eabi/10.3.1/../../../../arm-none-eabi/lib/thumb/v7e-m+fp/hard\libc_nano.a(lib_a-findfp.o)
                0x000000000800a34c                __sinit
 .text.__sfp    0x000000000800a3bc       0x8c c:/st/stm32cubeide_1.12.0/stm32cubeide/plugins/com.st.stm32cube.ide.mcu.externaltools.gnu-tools-for-stm32.10.3-2021.10.win32_1.0.200.202301161003/tools/bin/../lib/gcc/arm-none-eabi/10.3.1/../../../../arm-none-eabi/lib/thumb/v7e-m+fp/hard\libc_nano.a(lib_a-findfp.o)
                0x000000000800a3bc                __sfp
 .text._fwalk_reent
                0x000000000800a448       0x3e c:/st/stm32cubeide_1.12.0/stm32cubeide/plugins/com.st.stm32cube.ide.mcu.externaltools.gnu-tools-for-stm32.10.3-2021.10.win32_1.0.200.202301161003/tools/bin/../lib/gcc/arm-none-eabi/10.3.1/../../../../arm-none-eabi/lib/thumb/v7e-m+fp/hard\libc_nano.a(lib_a-fwalk.o)
                0x000000000800a448                _fwalk_reent
 .text.__retarget_lock_init_recursive
                0x000000000800a486        0x2 c:/st/stm32cubeide_1.12.0/stm32cubeide/plugins/com.st.stm32cube.ide.mcu.externaltools.gnu-tools-for-stm32.10.3-2021.10.win32_1.0.200.202301161003/tools/bin/../lib/gcc/arm-none-eabi/10.3.1/../../../../arm-none-eabi/lib/thumb/v7e-m+fp/hard\libc_nano.a(lib_a-lock.o)
                0x000000000800a486                __retarget_lock_init_recursive
 .text.__retarget_lock_acquire_recursive
                0x000000000800a488        0x2 c:/st/stm32cubeide_1.12.0/stm32cubeide/plugins/com.st.stm32cube.ide.mcu.externaltools.gnu-tools-for-stm32.10.3-2021.10.win32_1.0.200.202301161003/tools/bin/../lib/gcc/arm-none-eabi/10.3.1/../../../../arm-none-eabi/lib/thumb/v7e-m+fp/hard\libc_nano.a(lib_a-lock.o)
                0x000000000800a488                __retarget_lock_acquire_recursive
 .text.__retarget_lock_release_recursive
                0x000000000800a48a        0x2 c:/st/stm32cubeide_1.12.0/stm32cubeide/plugins/com.st.stm32cube.ide.mcu.externaltools.gnu-tools-for-stm32.10.3-2021.10.win32_1.0.200.202301161003/tools/bin/../lib/gcc/arm-none-eabi/10.3.1/../../../../arm-none-eabi/lib/thumb/v7e-m+fp/hard\libc_nano.a(lib_a-lock.o)
                0x000000000800a48a                __retarget_lock_release_recursive
 .text.__swhatbuf_r
                0x000000000800a48c       0x4a c:/st/stm32cubeide_1.12.0/stm32cubeide/plugins/com.st.stm32cube.ide.mcu.externaltools.gnu-tools-for-stm32.10.3-2021.10.win32_1.0.200.202301161003/tools/bin/../lib/gcc/arm-none-eabi/10.3.1/../../../../arm-none-eabi/lib/thumb/v7e-m+fp/hard\libc_nano.a(lib_a-makebuf.o)
                0x000000000800a48c                __swhatbuf_r
 *fill*         0x000000000800a4d6        0x2 
 .text.__smakebuf_r
                0x000000000800a4d8       0x80 c:/st/stm32cubeide_1.12.0/stm32cubeide/plugins/com.st.stm32cube.ide.mcu.externaltools.gnu-tools-for-stm32.10.3-2021.10.win32_1.0.200.202301161003/tools/bin/../lib/gcc/arm-none-eabi/10.3.1/../../../../arm-none-eabi/lib/thumb/v7e-m+fp/hard\libc_nano.a(lib_a-makebuf.o)
                0x000000000800a4d8                __smakebuf_r
 .text._free_r  0x000000000800a558       0x98 c:/st/stm32cubeide_1.12.0/stm32cubeide/plugins/com.st.stm32cube.ide.mcu.externaltools.gnu-tools-for-stm32.10.3-2021.10.win32_1.0.200.202301161003/tools/bin/../lib/gcc/arm-none-eabi/10.3.1/../../../../arm-none-eabi/lib/thumb/v7e-m+fp/hard\libc_nano.a(lib_a-nano-freer.o)
                0x000000000800a558                _free_r
 .text.sbrk_aligned
                0x000000000800a5f0       0x40 c:/st/stm32cubeide_1.12.0/stm32cubeide/plugins/com.st.stm32cube.ide.mcu.externaltools.gnu-tools-for-stm32.10.3-2021.10.win32_1.0.200.202301161003/tools/bin/../lib/gcc/arm-none-eabi/10.3.1/../../../../arm-none-eabi/lib/thumb/v7e-m+fp/hard\libc_nano.a(lib_a-nano-mallocr.o)
 .text._malloc_r
                0x000000000800a630       0xe8 c:/st/stm32cubeide_1.12.0/stm32cubeide/plugins/com.st.stm32cube.ide.mcu.externaltools.gnu-tools-for-stm32.10.3-2021.10.win32_1.0.200.202301161003/tools/bin/../lib/gcc/arm-none-eabi/10.3.1/../../../../arm-none-eabi/lib/thumb/v7e-m+fp/hard\libc_nano.a(lib_a-nano-mallocr.o)
                0x000000000800a630                _malloc_r
 .text.__ssputs_r
                0x000000000800a718       0xb6 c:/st/stm32cubeide_1.12.0/stm32cubeide/plugins/com.st.stm32cube.ide.mcu.externaltools.gnu-tools-for-stm32.10.3-2021.10.win32_1.0.200.202301161003/tools/bin/../lib/gcc/arm-none-eabi/10.3.1/../../../../arm-none-eabi/lib/thumb/v7e-m+fp/hard\libc_nano.a(lib_a-nano-svfprintf.o)
                0x000000000800a718                __ssputs_r
 *fill*         0x000000000800a7ce        0x2 
 .text._svfprintf_r
                0x000000000800a7d0      0x200 c:/st/stm32cubeide_1.12.0/stm32cubeide/plugins/com.st.stm32cube.ide.mcu.externaltools.gnu-tools-for-stm32.10.3-2021.10.win32_1.0.200.202301161003/tools/bin/../lib/gcc/arm-none-eabi/10.3.1/../../../../arm-none-eabi/lib/thumb/v7e-m+fp/hard\libc_nano.a(lib_a-nano-svfprintf.o)
                0x000000000800a7d0                _svfiprintf_r
                0x000000000800a7d0                _svfprintf_r
 .text.__sfputc_r
                0x000000000800a9d0       0x2e c:/st/stm32cubeide_1.12.0/stm32cubeide/plugins/com.st.stm32cube.ide.mcu.externaltools.gnu-tools-for-stm32.10.3-2021.10.win32_1.0.200.202301161003/tools/bin/../lib/gcc/arm-none-eabi/10.3.1/../../../../arm-none-eabi/lib/thumb/v7e-m+fp/hard\libc_nano.a(lib_a-nano-vfprintf.o)
 .text.__sfputs_r
                0x000000000800a9fe       0x24 c:/st/stm32cubeide_1.12.0/stm32cubeide/plugins/com.st.stm32cube.ide.mcu.externaltools.gnu-tools-for-stm32.10.3-2021.10.win32_1.0.200.202301161003/tools/bin/../lib/gcc/arm-none-eabi/10.3.1/../../../../arm-none-eabi/lib/thumb/v7e-m+fp/hard\libc_nano.a(lib_a-nano-vfprintf.o)
                0x000000000800a9fe                __sfputs_r
 *fill*         0x000000000800aa22        0x2 
 .text._vfprintf_r
                0x000000000800aa24      0x260 c:/st/stm32cubeide_1.12.0/stm32cubeide/plugins/com.st.stm32cube.ide.mcu.externaltools.gnu-tools-for-stm32.10.3-2021.10.win32_1.0.200.202301161003/tools/bin/../lib/gcc/arm-none-eabi/10.3.1/../../../../arm-none-eabi/lib/thumb/v7e-m+fp/hard\libc_nano.a(lib_a-nano-vfprintf.o)
                0x000000000800aa24                _vfprintf_r
                0x000000000800aa24                _vfiprintf_r
 .text._printf_common
                0x000000000800ac84       0xda c:/st/stm32cubeide_1.12.0/stm32cubeide/plugins/com.st.stm32cube.ide.mcu.externaltools.gnu-tools-for-stm32.10.3-2021.10.win32_1.0.200.202301161003/tools/bin/../lib/gcc/arm-none-eabi/10.3.1/../../../../arm-none-eabi/lib/thumb/v7e-m+fp/hard\libc_nano.a(lib_a-nano-vfprintf_i.o)
                0x000000000800ac84                _printf_common
 *fill*         0x000000000800ad5e        0x2 
 .text._printf_i
                0x000000000800ad60      0x24c c:/st/stm32cubeide_1.12.0/stm32cubeide/plugins/com.st.stm32cube.ide.mcu.externaltools.gnu-tools-for-stm32.10.3-2021.10.win32_1.0.200.202301161003/tools/bin/../lib/gcc/arm-none-eabi/10.3.1/../../../../arm-none-eabi/lib/thumb/v7e-m+fp/hard\libc_nano.a(lib_a-nano-vfprintf_i.o)
                0x000000000800ad60                _printf_i
 .text._sbrk_r  0x000000000800afac       0x20 c:/st/stm32cubeide_1.12.0/stm32cubeide/plugins/com.st.stm32cube.ide.mcu.externaltools.gnu-tools-for-stm32.10.3-2021.10.win32_1.0.200.202301161003/tools/bin/../lib/gcc/arm-none-eabi/10.3.1/../../../../arm-none-eabi/lib/thumb/v7e-m+fp/hard\libc_nano.a(lib_a-sbrkr.o)
                0x000000000800afac                _sbrk_r
 .text.__sread  0x000000000800afcc       0x22 c:/st/stm32cubeide_1.12.0/stm32cubeide/plugins/com.st.stm32cube.ide.mcu.externaltools.gnu-tools-for-stm32.10.3-2021.10.win32_1.0.200.202301161003/tools/bin/../lib/gcc/arm-none-eabi/10.3.1/../../../../arm-none-eabi/lib/thumb/v7e-m+fp/hard\libc_nano.a(lib_a-stdio.o)
                0x000000000800afcc                __sread
 .text.__swrite
                0x000000000800afee       0x38 c:/st/stm32cubeide_1.12.0/stm32cubeide/plugins/com.st.stm32cube.ide.mcu.externaltools.gnu-tools-for-stm32.10.3-2021.10.win32_1.0.200.202301161003/tools/bin/../lib/gcc/arm-none-eabi/10.3.1/../../../../arm-none-eabi/lib/thumb/v7e-m+fp/hard\libc_nano.a(lib_a-stdio.o)
                0x000000000800afee                __swrite
 .text.__sseek  0x000000000800b026       0x24 c:/st/stm32cubeide_1.12.0/stm32cubeide/plugins/com.st.stm32cube.ide.mcu.externaltools.gnu-tools-for-stm32.10.3-2021.10.win32_1.0.200.202301161003/tools/bin/../lib/gcc/arm-none-eabi/10.3.1/../../../../arm-none-eabi/lib/thumb/v7e-m+fp/hard\libc_nano.a(lib_a-stdio.o)
                0x000000000800b026                __sseek
 .text.__sclose
                0x000000000800b04a        0x8 c:/st/stm32cubeide_1.12.0/stm32cubeide/plugins/com.st.stm32cube.ide.mcu.externaltools.gnu-tools-for-stm32.10.3-2021.10.win32_1.0.200.202301161003/tools/bin/../lib/gcc/arm-none-eabi/10.3.1/../../../../arm-none-eabi/lib/thumb/v7e-m+fp/hard\libc_nano.a(lib_a-stdio.o)
                0x000000000800b04a                __sclose
 *fill*         0x000000000800b052        0x2 
 .text._write_r
                0x000000000800b054       0x24 c:/st/stm32cubeide_1.12.0/stm32cubeide/plugins/com.st.stm32cube.ide.mcu.externaltools.gnu-tools-for-stm32.10.3-2021.10.win32_1.0.200.202301161003/tools/bin/../lib/gcc/arm-none-eabi/10.3.1/../../../../arm-none-eabi/lib/thumb/v7e-m+fp/hard\libc_nano.a(lib_a-writer.o)
                0x000000000800b054                _write_r
 .text._close_r
                0x000000000800b078       0x20 c:/st/stm32cubeide_1.12.0/stm32cubeide/plugins/com.st.stm32cube.ide.mcu.externaltools.gnu-tools-for-stm32.10.3-2021.10.win32_1.0.200.202301161003/tools/bin/../lib/gcc/arm-none-eabi/10.3.1/../../../../arm-none-eabi/lib/thumb/v7e-m+fp/hard\libc_nano.a(lib_a-closer.o)
                0x000000000800b078                _close_r
 .text._fstat_r
                0x000000000800b098       0x24 c:/st/stm32cubeide_1.12.0/stm32cubeide/plugins/com.st.stm32cube.ide.mcu.externaltools.gnu-tools-for-stm32.10.3-2021.10.win32_1.0.200.202301161003/tools/bin/../lib/gcc/arm-none-eabi/10.3.1/../../../../arm-none-eabi/lib/thumb/v7e-m+fp/hard\libc_nano.a(lib_a-fstatr.o)
                0x000000000800b098                _fstat_r
 .text._isatty_r
                0x000000000800b0bc       0x20 c:/st/stm32cubeide_1.12.0/stm32cubeide/plugins/com.st.stm32cube.ide.mcu.externaltools.gnu-tools-for-stm32.10.3-2021.10.win32_1.0.200.202301161003/tools/bin/../lib/gcc/arm-none-eabi/10.3.1/../../../../arm-none-eabi/lib/thumb/v7e-m+fp/hard\libc_nano.a(lib_a-isattyr.o)
                0x000000000800b0bc                _isatty_r
 .text._lseek_r
                0x000000000800b0dc       0x24 c:/st/stm32cubeide_1.12.0/stm32cubeide/plugins/com.st.stm32cube.ide.mcu.externaltools.gnu-tools-for-stm32.10.3-2021.10.win32_1.0.200.202301161003/tools/bin/../lib/gcc/arm-none-eabi/10.3.1/../../../../arm-none-eabi/lib/thumb/v7e-m+fp/hard\libc_nano.a(lib_a-lseekr.o)
                0x000000000800b0dc                _lseek_r
 .text.memcpy   0x000000000800b100       0x1c c:/st/stm32cubeide_1.12.0/stm32cubeide/plugins/com.st.stm32cube.ide.mcu.externaltools.gnu-tools-for-stm32.10.3-2021.10.win32_1.0.200.202301161003/tools/bin/../lib/gcc/arm-none-eabi/10.3.1/../../../../arm-none-eabi/lib/thumb/v7e-m+fp/hard\libc_nano.a(lib_a-memcpy-stub.o)
                0x000000000800b100                memcpy
 .text.memmove  0x000000000800b11c       0x34 c:/st/stm32cubeide_1.12.0/stm32cubeide/plugins/com.st.stm32cube.ide.mcu.externaltools.gnu-tools-for-stm32.10.3-2021.10.win32_1.0.200.202301161003/tools/bin/../lib/gcc/arm-none-eabi/10.3.1/../../../../arm-none-eabi/lib/thumb/v7e-m+fp/hard\libc_nano.a(lib_a-memmove.o)
                0x000000000800b11c                memmove
 .text.__malloc_lock
                0x000000000800b150        0xc c:/st/stm32cubeide_1.12.0/stm32cubeide/plugins/com.st.stm32cube.ide.mcu.externaltools.gnu-tools-for-stm32.10.3-2021.10.win32_1.0.200.202301161003/tools/bin/../lib/gcc/arm-none-eabi/10.3.1/../../../../arm-none-eabi/lib/thumb/v7e-m+fp/hard\libc_nano.a(lib_a-mlock.o)
                0x000000000800b150                __malloc_lock
 .text.__malloc_unlock
                0x000000000800b15c        0xc c:/st/stm32cubeide_1.12.0/stm32cubeide/plugins/com.st.stm32cube.ide.mcu.externaltools.gnu-tools-for-stm32.10.3-2021.10.win32_1.0.200.202301161003/tools/bin/../lib/gcc/arm-none-eabi/10.3.1/../../../../arm-none-eabi/lib/thumb/v7e-m+fp/hard\libc_nano.a(lib_a-mlock.o)
                0x000000000800b15c                __malloc_unlock
 .text._realloc_r
                0x000000000800b168       0x5e c:/st/stm32cubeide_1.12.0/stm32cubeide/plugins/com.st.stm32cube.ide.mcu.externaltools.gnu-tools-for-stm32.10.3-2021.10.win32_1.0.200.202301161003/tools/bin/../lib/gcc/arm-none-eabi/10.3.1/../../../../arm-none-eabi/lib/thumb/v7e-m+fp/hard\libc_nano.a(lib_a-nano-reallocr.o)
                0x000000000800b168                _realloc_r
 *fill*         0x000000000800b1c6        0x2 
 .text._read_r  0x000000000800b1c8       0x24 c:/st/stm32cubeide_1.12.0/stm32cubeide/plugins/com.st.stm32cube.ide.mcu.externaltools.gnu-tools-for-stm32.10.3-2021.10.win32_1.0.200.202301161003/tools/bin/../lib/gcc/arm-none-eabi/10.3.1/../../../../arm-none-eabi/lib/thumb/v7e-m+fp/hard\libc_nano.a(lib_a-readr.o)
                0x000000000800b1c8                _read_r
 .text._malloc_usable_size_r
                0x000000000800b1ec       0x10 c:/st/stm32cubeide_1.12.0/stm32cubeide/plugins/com.st.stm32cube.ide.mcu.externaltools.gnu-tools-for-stm32.10.3-2021.10.win32_1.0.200.202301161003/tools/bin/../lib/gcc/arm-none-eabi/10.3.1/../../../../arm-none-eabi/lib/thumb/v7e-m+fp/hard\libc_nano.a(lib_a-nano-msizer.o)
                0x000000000800b1ec                _malloc_usable_size_r
 *(.glue_7)
 .glue_7        0x000000000800b1fc        0x0 linker stubs
 *(.glue_7t)
 .glue_7t       0x000000000800b1fc        0x0 linker stubs
 *(.eh_frame)
 .eh_frame      0x000000000800b1fc        0x0 c:/st/stm32cubeide_1.12.0/stm32cubeide/plugins/com.st.stm32cube.ide.mcu.externaltools.gnu-tools-for-stm32.10.3-2021.10.win32_1.0.200.202301161003/tools/bin/../lib/gcc/arm-none-eabi/10.3.1/thumb/v7e-m+fp/hard/crtbegin.o
 *(.init)
 .init          0x000000000800b1fc        0x4 c:/st/stm32cubeide_1.12.0/stm32cubeide/plugins/com.st.stm32cube.ide.mcu.externaltools.gnu-tools-for-stm32.10.3-2021.10.win32_1.0.200.202301161003/tools/bin/../lib/gcc/arm-none-eabi/10.3.1/thumb/v7e-m+fp/hard/crti.o
                0x000000000800b1fc                _init
 .init          0x000000000800b200        0x8 c:/st/stm32cubeide_1.12.0/stm32cubeide/plugins/com.st.stm32cube.ide.mcu.externaltools.gnu-tools-for-stm32.10.3-2021.10.win32_1.0.200.202301161003/tools/bin/../lib/gcc/arm-none-eabi/10.3.1/thumb/v7e-m+fp/hard/crtn.o
 *(.fini)
 .fini          0x000000000800b208        0x4 c:/st/stm32cubeide_1.12.0/stm32cubeide/plugins/com.st.stm32cube.ide.mcu.externaltools.gnu-tools-for-stm32.10.3-2021.10.win32_1.0.200.202301161003/tools/bin/../lib/gcc/arm-none-eabi/10.3.1/thumb/v7e-m+fp/hard/crti.o
                0x000000000800b208                _fini
 .fini          0x000000000800b20c        0x8 c:/st/stm32cubeide_1.12.0/stm32cubeide/plugins/com.st.stm32cube.ide.mcu.externaltools.gnu-tools-for-stm32.10.3-2021.10.win32_1.0.200.202301161003/tools/bin/../lib/gcc/arm-none-eabi/10.3.1/thumb/v7e-m+fp/hard/crtn.o
                0x000000000800b214                . = ALIGN (0x4)
                0x000000000800b214                _etext = .

.vfp11_veneer   0x000000000800b214        0x0
 .vfp11_veneer  0x000000000800b214        0x0 linker stubs

.v4_bx          0x000000000800b214        0x0
 .v4_bx         0x000000000800b214        0x0 linker stubs

.iplt           0x000000000800b214        0x0
 .iplt          0x000000000800b214        0x0 c:/st/stm32cubeide_1.12.0/stm32cubeide/plugins/com.st.stm32cube.ide.mcu.externaltools.gnu-tools-for-stm32.10.3-2021.10.win32_1.0.200.202301161003/tools/bin/../lib/gcc/arm-none-eabi/10.3.1/thumb/v7e-m+fp/hard/crtbegin.o

.rodata         0x000000000800b214      0x29c
                0x000000000800b214                . = ALIGN (0x4)
 *(.rodata)
 .rodata        0x000000000800b214       0xf6 ./Core/Src/WASHING_MACHINE_PROJ.o
 *fill*         0x000000000800b30a        0x2 
 .rodata        0x000000000800b30c        0xb ./Core/Src/main.o
 *fill*         0x000000000800b317        0x1 
 .rodata        0x000000000800b318       0xcf ./Core/Src/uart.o
 *fill*         0x000000000800b3e7        0x1 
 .rodata        0x000000000800b3e8       0x17 ./Core/Src/ultrasonic.o
 *(.rodata*)
 *fill*         0x000000000800b3ff        0x1 
 .rodata.AHBPrescTable
                0x000000000800b400       0x10 ./Core/Src/system_stm32f4xx.o
                0x000000000800b400                AHBPrescTable
 .rodata.APBPrescTable
                0x000000000800b410        0x8 ./Core/Src/system_stm32f4xx.o
                0x000000000800b410                APBPrescTable
 .rodata._global_impure_ptr
                0x000000000800b418        0x4 c:/st/stm32cubeide_1.12.0/stm32cubeide/plugins/com.st.stm32cube.ide.mcu.externaltools.gnu-tools-for-stm32.10.3-2021.10.win32_1.0.200.202301161003/tools/bin/../lib/gcc/arm-none-eabi/10.3.1/../../../../arm-none-eabi/lib/thumb/v7e-m+fp/hard\libc_nano.a(lib_a-impure.o)
                0x000000000800b418                _global_impure_ptr
 .rodata.__sf_fake_stderr
                0x000000000800b41c       0x20 c:/st/stm32cubeide_1.12.0/stm32cubeide/plugins/com.st.stm32cube.ide.mcu.externaltools.gnu-tools-for-stm32.10.3-2021.10.win32_1.0.200.202301161003/tools/bin/../lib/gcc/arm-none-eabi/10.3.1/../../../../arm-none-eabi/lib/thumb/v7e-m+fp/hard\libc_nano.a(lib_a-findfp.o)
                0x000000000800b41c                __sf_fake_stderr
 .rodata.__sf_fake_stdin
                0x000000000800b43c       0x20 c:/st/stm32cubeide_1.12.0/stm32cubeide/plugins/com.st.stm32cube.ide.mcu.externaltools.gnu-tools-for-stm32.10.3-2021.10.win32_1.0.200.202301161003/tools/bin/../lib/gcc/arm-none-eabi/10.3.1/../../../../arm-none-eabi/lib/thumb/v7e-m+fp/hard\libc_nano.a(lib_a-findfp.o)
                0x000000000800b43c                __sf_fake_stdin
 .rodata.__sf_fake_stdout
                0x000000000800b45c       0x20 c:/st/stm32cubeide_1.12.0/stm32cubeide/plugins/com.st.stm32cube.ide.mcu.externaltools.gnu-tools-for-stm32.10.3-2021.10.win32_1.0.200.202301161003/tools/bin/../lib/gcc/arm-none-eabi/10.3.1/../../../../arm-none-eabi/lib/thumb/v7e-m+fp/hard\libc_nano.a(lib_a-findfp.o)
                0x000000000800b45c                __sf_fake_stdout
 .rodata._svfprintf_r.str1.1
                0x000000000800b47c       0x11 c:/st/stm32cubeide_1.12.0/stm32cubeide/plugins/com.st.stm32cube.ide.mcu.externaltools.gnu-tools-for-stm32.10.3-2021.10.win32_1.0.200.202301161003/tools/bin/../lib/gcc/arm-none-eabi/10.3.1/../../../../arm-none-eabi/lib/thumb/v7e-m+fp/hard\libc_nano.a(lib_a-nano-svfprintf.o)
 .rodata._vfprintf_r.str1.1
                0x000000000800b48d       0x11 c:/st/stm32cubeide_1.12.0/stm32cubeide/plugins/com.st.stm32cube.ide.mcu.externaltools.gnu-tools-for-stm32.10.3-2021.10.win32_1.0.200.202301161003/tools/bin/../lib/gcc/arm-none-eabi/10.3.1/../../../../arm-none-eabi/lib/thumb/v7e-m+fp/hard\libc_nano.a(lib_a-nano-vfprintf.o)
 .rodata._printf_i.str1.1
                0x000000000800b48d       0x22 c:/st/stm32cubeide_1.12.0/stm32cubeide/plugins/com.st.stm32cube.ide.mcu.externaltools.gnu-tools-for-stm32.10.3-2021.10.win32_1.0.200.202301161003/tools/bin/../lib/gcc/arm-none-eabi/10.3.1/../../../../arm-none-eabi/lib/thumb/v7e-m+fp/hard\libc_nano.a(lib_a-nano-vfprintf_i.o)
                0x000000000800b4b0                . = ALIGN (0x4)
 *fill*         0x000000000800b4af        0x1 

.ARM.extab      0x000000000800b4b0        0x0
                0x000000000800b4b0                . = ALIGN (0x4)
 *(.ARM.extab* .gnu.linkonce.armextab.*)
                0x000000000800b4b0                . = ALIGN (0x4)

.ARM            0x000000000800b4b0        0x8
                0x000000000800b4b0                . = ALIGN (0x4)
                0x000000000800b4b0                __exidx_start = .
 *(.ARM.exidx*)
 .ARM.exidx     0x000000000800b4b0        0x8 c:/st/stm32cubeide_1.12.0/stm32cubeide/plugins/com.st.stm32cube.ide.mcu.externaltools.gnu-tools-for-stm32.10.3-2021.10.win32_1.0.200.202301161003/tools/bin/../lib/gcc/arm-none-eabi/10.3.1/thumb/v7e-m+fp/hard\libgcc.a(_udivmoddi4.o)
                0x000000000800b4b8                __exidx_end = .
                0x000000000800b4b8                . = ALIGN (0x4)

.rel.dyn        0x000000000800b4b8        0x0
 .rel.iplt      0x000000000800b4b8        0x0 c:/st/stm32cubeide_1.12.0/stm32cubeide/plugins/com.st.stm32cube.ide.mcu.externaltools.gnu-tools-for-stm32.10.3-2021.10.win32_1.0.200.202301161003/tools/bin/../lib/gcc/arm-none-eabi/10.3.1/thumb/v7e-m+fp/hard/crtbegin.o

.preinit_array  0x000000000800b4b8        0x0
                0x000000000800b4b8                . = ALIGN (0x4)
                0x000000000800b4b8                PROVIDE (__preinit_array_start = .)
 *(.preinit_array*)
                0x000000000800b4b8                PROVIDE (__preinit_array_end = .)
                0x000000000800b4b8                . = ALIGN (0x4)

.init_array     0x000000000800b4b8        0x4
                0x000000000800b4b8                . = ALIGN (0x4)
                0x000000000800b4b8                PROVIDE (__init_array_start = .)
 *(SORT_BY_NAME(.init_array.*))
 *(.init_array*)
 .init_array    0x000000000800b4b8        0x4 c:/st/stm32cubeide_1.12.0/stm32cubeide/plugins/com.st.stm32cube.ide.mcu.externaltools.gnu-tools-for-stm32.10.3-2021.10.win32_1.0.200.202301161003/tools/bin/../lib/gcc/arm-none-eabi/10.3.1/thumb/v7e-m+fp/hard/crtbegin.o
                0x000000000800b4bc                PROVIDE (__init_array_end = .)
                0x000000000800b4bc                . = ALIGN (0x4)

.fini_array     0x000000000800b4bc        0x4
                0x000000000800b4bc                . = ALIGN (0x4)
                [!provide]                        PROVIDE (__fini_array_start = .)
 *(SORT_BY_NAME(.fini_array.*))
 *(.fini_array*)
 .fini_array    0x000000000800b4bc        0x4 c:/st/stm32cubeide_1.12.0/stm32cubeide/plugins/com.st.stm32cube.ide.mcu.externaltools.gnu-tools-for-stm32.10.3-2021.10.win32_1.0.200.202301161003/tools/bin/../lib/gcc/arm-none-eabi/10.3.1/thumb/v7e-m+fp/hard/crtbegin.o
                [!provide]                        PROVIDE (__fini_array_end = .)
                0x000000000800b4c0                . = ALIGN (0x4)
                0x000000000800b4c0                _sidata = LOADADDR (.data)

.data           0x0000000020000000      0x1d0 load address 0x000000000800b4c0
                0x0000000020000000                . = ALIGN (0x4)
                0x0000000020000000                _sdata = .
 *(.data)
 *(.data*)
 .data.button_status
                0x0000000020000000        0x5 ./Core/Src/button.o
                0x0000000020000000                button_status
 *fill*         0x0000000020000005        0x3 
 .data.school_bell
                0x0000000020000008       0x60 ./Core/Src/buzzer.o
                0x0000000020000008                school_bell
 .data.happy_birthday
                0x0000000020000068       0x64 ./Core/Src/buzzer.o
                0x0000000020000068                happy_birthday
 .data.duration
                0x00000000200000cc       0x64 ./Core/Src/buzzer.o
                0x00000000200000cc                duration
 .data.FND_digit
                0x0000000020000130        0x8 ./Core/Src/fnd4dight.o
                0x0000000020000130                FND_digit
 .data.FND_font
                0x0000000020000138       0x28 ./Core/Src/fnd4dight.o
                0x0000000020000138                FND_font
 .data.SystemCoreClock
                0x0000000020000160        0x4 ./Core/Src/system_stm32f4xx.o
                0x0000000020000160                SystemCoreClock
 .data.uwTickPrio
                0x0000000020000164        0x4 ./Drivers/STM32F4xx_HAL_Driver/Src/stm32f4xx_hal.o
                0x0000000020000164                uwTickPrio
 .data.uwTickFreq
                0x0000000020000168        0x1 ./Drivers/STM32F4xx_HAL_Driver/Src/stm32f4xx_hal.o
                0x0000000020000168                uwTickFreq
 *fill*         0x0000000020000169        0x3 
 .data._impure_ptr
                0x000000002000016c        0x4 c:/st/stm32cubeide_1.12.0/stm32cubeide/plugins/com.st.stm32cube.ide.mcu.externaltools.gnu-tools-for-stm32.10.3-2021.10.win32_1.0.200.202301161003/tools/bin/../lib/gcc/arm-none-eabi/10.3.1/../../../../arm-none-eabi/lib/thumb/v7e-m+fp/hard\libc_nano.a(lib_a-impure.o)
                0x000000002000016c                _impure_ptr
 .data.impure_data
                0x0000000020000170       0x60 c:/st/stm32cubeide_1.12.0/stm32cubeide/plugins/com.st.stm32cube.ide.mcu.externaltools.gnu-tools-for-stm32.10.3-2021.10.win32_1.0.200.202301161003/tools/bin/../lib/gcc/arm-none-eabi/10.3.1/../../../../arm-none-eabi/lib/thumb/v7e-m+fp/hard\libc_nano.a(lib_a-impure.o)
 *(.RamFunc)
 *(.RamFunc*)
                0x00000000200001d0                . = ALIGN (0x4)
                0x00000000200001d0                _edata = .
                0x000000000800b690                _siccmram = LOADADDR (.ccmram)

.igot.plt       0x00000000200001d0        0x0 load address 0x000000000800b690
 .igot.plt      0x00000000200001d0        0x0 c:/st/stm32cubeide_1.12.0/stm32cubeide/plugins/com.st.stm32cube.ide.mcu.externaltools.gnu-tools-for-stm32.10.3-2021.10.win32_1.0.200.202301161003/tools/bin/../lib/gcc/arm-none-eabi/10.3.1/thumb/v7e-m+fp/hard/crtbegin.o

.ccmram         0x0000000010000000        0x0 load address 0x000000000800b690
                0x0000000010000000                . = ALIGN (0x4)
                0x0000000010000000                _sccmram = .
 *(.ccmram)
 *(.ccmram*)
                0x0000000010000000                . = ALIGN (0x4)
                0x0000000010000000                _eccmram = .
                0x0000000010000000                . = ALIGN (0x4)

.bss            0x00000000200001d0      0xacc
                0x00000000200001d0                _sbss = .
                0x00000000200001d0                __bss_start__ = _sbss
 *(.bss)
 .bss           0x00000000200001d0       0x1c c:/st/stm32cubeide_1.12.0/stm32cubeide/plugins/com.st.stm32cube.ide.mcu.externaltools.gnu-tools-for-stm32.10.3-2021.10.win32_1.0.200.202301161003/tools/bin/../lib/gcc/arm-none-eabi/10.3.1/thumb/v7e-m+fp/hard/crtbegin.o
 *(.bss*)
 .bss.lcd_display_mode_num
                0x00000000200001ec        0x1 ./Core/Src/WASHING_MACHINE_PROJ.o
                0x00000000200001ec                lcd_display_mode_num
 .bss.wash_dry_sel
                0x00000000200001ed        0x1 ./Core/Src/WASHING_MACHINE_PROJ.o
                0x00000000200001ed                wash_dry_sel
 .bss.power_sel
                0x00000000200001ee        0x1 ./Core/Src/WASHING_MACHINE_PROJ.o
                0x00000000200001ee                power_sel
 .bss.time_sel  0x00000000200001ef        0x1 ./Core/Src/WASHING_MACHINE_PROJ.o
                0x00000000200001ef                time_sel
 .bss.time_num  0x00000000200001f0        0x1 ./Core/Src/WASHING_MACHINE_PROJ.o
                0x00000000200001f0                time_num
 .bss.k         0x00000000200001f1        0x1 ./Core/Src/WASHING_MACHINE_PROJ.o
                0x00000000200001f1                k
 *fill*         0x00000000200001f2        0x2 
 .bss.wash_dry_num
                0x00000000200001f4        0x4 ./Core/Src/WASHING_MACHINE_PROJ.o
                0x00000000200001f4                wash_dry_num
 .bss.power_level
                0x00000000200001f8        0x4 ./Core/Src/WASHING_MACHINE_PROJ.o
                0x00000000200001f8                power_level
 .bss.btn4_press
                0x00000000200001fc        0x4 ./Core/Src/WASHING_MACHINE_PROJ.o
                0x00000000200001fc                btn4_press
 .bss.time__num
                0x0000000020000200        0x4 ./Core/Src/WASHING_MACHINE_PROJ.o
                0x0000000020000200                time__num
 .bss.lcd_display_mode_flag
                0x0000000020000204        0x1 ./Core/Src/button.o
                0x0000000020000204                lcd_display_mode_flag
 *fill*         0x0000000020000205        0x3 
 .bss.FND       0x0000000020000208        0x8 ./Core/Src/fnd4dight.o
                0x0000000020000208                FND
 .bss.i.6       0x0000000020000210        0x4 ./Core/Src/fnd4dight.o
 .bss.TxConfig  0x0000000020000214       0x38 ./Core/Src/main.o
                0x0000000020000214                TxConfig
 .bss.DMARxDscrTab
                0x000000002000024c       0xa0 ./Core/Src/main.o
                0x000000002000024c                DMARxDscrTab
 .bss.DMATxDscrTab
                0x00000000200002ec       0xa0 ./Core/Src/main.o
                0x00000000200002ec                DMATxDscrTab
 .bss.heth      0x000000002000038c       0xb0 ./Core/Src/main.o
                0x000000002000038c                heth
 .bss.hi2c1     0x000000002000043c       0x54 ./Core/Src/main.o
                0x000000002000043c                hi2c1
 .bss.hrtc      0x0000000020000490       0x20 ./Core/Src/main.o
                0x0000000020000490                hrtc
 .bss.htim2     0x00000000200004b0       0x48 ./Core/Src/main.o
                0x00000000200004b0                htim2
 .bss.htim3     0x00000000200004f8       0x48 ./Core/Src/main.o
                0x00000000200004f8                htim3
 .bss.htim4     0x0000000020000540       0x48 ./Core/Src/main.o
                0x0000000020000540                htim4
 .bss.htim5     0x0000000020000588       0x48 ./Core/Src/main.o
                0x0000000020000588                htim5
 .bss.htim10    0x00000000200005d0       0x48 ./Core/Src/main.o
                0x00000000200005d0                htim10
 .bss.htim11    0x0000000020000618       0x48 ./Core/Src/main.o
                0x0000000020000618                htim11
 .bss.huart3    0x0000000020000660       0x44 ./Core/Src/main.o
                0x0000000020000660                huart3
 .bss.huart6    0x00000000200006a4       0x44 ./Core/Src/main.o
                0x00000000200006a4                huart6
 .bss.hpcd_USB_OTG_FS
                0x00000000200006e8      0x50c ./Core/Src/main.o
                0x00000000200006e8                hpcd_USB_OTG_FS
 .bss.rx_data   0x0000000020000bf4        0x1 ./Core/Src/main.o
                0x0000000020000bf4                rx_data
 .bss.bt_rx_data
                0x0000000020000bf5        0x1 ./Core/Src/main.o
                0x0000000020000bf5                bt_rx_data
 *fill*         0x0000000020000bf6        0x2 
 .bss.TIM10_10ms_counter
                0x0000000020000bf8        0x4 ./Core/Src/main.o
                0x0000000020000bf8                TIM10_10ms_counter
 .bss.TIM10_10ms_ultrasonic
                0x0000000020000bfc        0x4 ./Core/Src/main.o
                0x0000000020000bfc                TIM10_10ms_ultrasonic
 .bss.t1ms_counter
                0x0000000020000c00        0x4 ./Core/Src/main.o
                0x0000000020000c00                t1ms_counter
 .bss.fnd1ms_counter
                0x0000000020000c04        0x4 ./Core/Src/main.o
                0x0000000020000c04                fnd1ms_counter
 .bss.MACAddr.0
                0x0000000020000c08        0x6 ./Core/Src/main.o
 *fill*         0x0000000020000c0e        0x2 
 .bss.__sbrk_heap_end
                0x0000000020000c10        0x4 ./Core/Src/sysmem.o
 .bss.rx_index  0x0000000020000c14        0x4 ./Core/Src/uart.o
                0x0000000020000c14                rx_index
 .bss.rx_buff   0x0000000020000c18       0x28 ./Core/Src/uart.o
                0x0000000020000c18                rx_buff
 .bss.newline_detect_flag
                0x0000000020000c40        0x4 ./Core/Src/uart.o
                0x0000000020000c40                newline_detect_flag
 .bss.bt_rx_buff
                0x0000000020000c44       0x28 ./Core/Src/uart.o
                0x0000000020000c44                bt_rx_buff
 .bss.bt_rx_index
                0x0000000020000c6c        0x4 ./Core/Src/uart.o
                0x0000000020000c6c                bt_rx_index
 .bss.bt_newline_detect_flag
                0x0000000020000c70        0x4 ./Core/Src/uart.o
                0x0000000020000c70                bt_newline_detect_flag
 .bss.ultra_on  0x0000000020000c74        0x4 ./Core/Src/ultrasonic.o
                0x0000000020000c74                ultra_on
 .bss.is_first_capture
                0x0000000020000c78        0x1 ./Core/Src/ultrasonic.o
                0x0000000020000c78                is_first_capture
 *fill*         0x0000000020000c79        0x3 
 .bss.distance  0x0000000020000c7c        0x4 ./Core/Src/ultrasonic.o
                0x0000000020000c7c                distance
 .bss.ic_cpt_finish_flag
                0x0000000020000c80        0x4 ./Core/Src/ultrasonic.o
                0x0000000020000c80                ic_cpt_finish_flag
 .bss.dis       0x0000000020000c84        0x4 ./Core/Src/ultrasonic.o
                0x0000000020000c84                dis
 .bss.uwTick    0x0000000020000c88        0x4 ./Drivers/STM32F4xx_HAL_Driver/Src/stm32f4xx_hal.o
                0x0000000020000c88                uwTick
 .bss.__lock___malloc_recursive_mutex
                0x0000000020000c8c        0x1 c:/st/stm32cubeide_1.12.0/stm32cubeide/plugins/com.st.stm32cube.ide.mcu.externaltools.gnu-tools-for-stm32.10.3-2021.10.win32_1.0.200.202301161003/tools/bin/../lib/gcc/arm-none-eabi/10.3.1/../../../../arm-none-eabi/lib/thumb/v7e-m+fp/hard\libc_nano.a(lib_a-lock.o)
                0x0000000020000c8c                __lock___malloc_recursive_mutex
 .bss.__lock___sfp_recursive_mutex
                0x0000000020000c8d        0x1 c:/st/stm32cubeide_1.12.0/stm32cubeide/plugins/com.st.stm32cube.ide.mcu.externaltools.gnu-tools-for-stm32.10.3-2021.10.win32_1.0.200.202301161003/tools/bin/../lib/gcc/arm-none-eabi/10.3.1/../../../../arm-none-eabi/lib/thumb/v7e-m+fp/hard\libc_nano.a(lib_a-lock.o)
                0x0000000020000c8d                __lock___sfp_recursive_mutex
 .bss.__lock___sinit_recursive_mutex
                0x0000000020000c8e        0x1 c:/st/stm32cubeide_1.12.0/stm32cubeide/plugins/com.st.stm32cube.ide.mcu.externaltools.gnu-tools-for-stm32.10.3-2021.10.win32_1.0.200.202301161003/tools/bin/../lib/gcc/arm-none-eabi/10.3.1/../../../../arm-none-eabi/lib/thumb/v7e-m+fp/hard\libc_nano.a(lib_a-lock.o)
                0x0000000020000c8e                __lock___sinit_recursive_mutex
 *fill*         0x0000000020000c8f        0x1 
 .bss.__malloc_free_list
                0x0000000020000c90        0x4 c:/st/stm32cubeide_1.12.0/stm32cubeide/plugins/com.st.stm32cube.ide.mcu.externaltools.gnu-tools-for-stm32.10.3-2021.10.win32_1.0.200.202301161003/tools/bin/../lib/gcc/arm-none-eabi/10.3.1/../../../../arm-none-eabi/lib/thumb/v7e-m+fp/hard\libc_nano.a(lib_a-nano-mallocr.o)
                0x0000000020000c90                __malloc_free_list
 .bss.__malloc_sbrk_start
                0x0000000020000c94        0x4 c:/st/stm32cubeide_1.12.0/stm32cubeide/plugins/com.st.stm32cube.ide.mcu.externaltools.gnu-tools-for-stm32.10.3-2021.10.win32_1.0.200.202301161003/tools/bin/../lib/gcc/arm-none-eabi/10.3.1/../../../../arm-none-eabi/lib/thumb/v7e-m+fp/hard\libc_nano.a(lib_a-nano-mallocr.o)
                0x0000000020000c94                __malloc_sbrk_start
 .bss.errno     0x0000000020000c98        0x4 c:/st/stm32cubeide_1.12.0/stm32cubeide/plugins/com.st.stm32cube.ide.mcu.externaltools.gnu-tools-for-stm32.10.3-2021.10.win32_1.0.200.202301161003/tools/bin/../lib/gcc/arm-none-eabi/10.3.1/../../../../arm-none-eabi/lib/thumb/v7e-m+fp/hard\libc_nano.a(lib_a-reent.o)
                0x0000000020000c98                errno
 *(COMMON)
                0x0000000020000c9c                . = ALIGN (0x4)
                0x0000000020000c9c                _ebss = .
                0x0000000020000c9c                __bss_end__ = _ebss

._user_heap_stack
                0x0000000020000c9c      0x604
                0x0000000020000ca0                . = ALIGN (0x8)
 *fill*         0x0000000020000c9c        0x4 
                [!provide]                        PROVIDE (end = .)
                0x0000000020000ca0                PROVIDE (_end = .)
                0x0000000020000ea0                . = (. + _Min_Heap_Size)
 *fill*         0x0000000020000ca0      0x200 
                0x00000000200012a0                . = (. + _Min_Stack_Size)
 *fill*         0x0000000020000ea0      0x400 
                0x00000000200012a0                . = ALIGN (0x8)

/DISCARD/
 libc.a(*)
 libm.a(*)
 libgcc.a(*)

.ARM.attributes
                0x0000000000000000       0x30
 *(.ARM.attributes)
 .ARM.attributes
                0x0000000000000000       0x1e c:/st/stm32cubeide_1.12.0/stm32cubeide/plugins/com.st.stm32cube.ide.mcu.externaltools.gnu-tools-for-stm32.10.3-2021.10.win32_1.0.200.202301161003/tools/bin/../lib/gcc/arm-none-eabi/10.3.1/thumb/v7e-m+fp/hard/crti.o
 .ARM.attributes
                0x000000000000001e       0x34 c:/st/stm32cubeide_1.12.0/stm32cubeide/plugins/com.st.stm32cube.ide.mcu.externaltools.gnu-tools-for-stm32.10.3-2021.10.win32_1.0.200.202301161003/tools/bin/../lib/gcc/arm-none-eabi/10.3.1/thumb/v7e-m+fp/hard/crtbegin.o
 .ARM.attributes
                0x0000000000000052       0x34 ./Core/Src/WASHING_MACHINE_PROJ.o
 .ARM.attributes
                0x0000000000000086       0x34 ./Core/Src/button.o
 .ARM.attributes
                0x00000000000000ba       0x34 ./Core/Src/buzzer.o
 .ARM.attributes
                0x00000000000000ee       0x34 ./Core/Src/fnd4dight.o
 .ARM.attributes
                0x0000000000000122       0x34 ./Core/Src/i2c_lcd.o
 .ARM.attributes
                0x0000000000000156       0x34 ./Core/Src/main.o
 .ARM.attributes
                0x000000000000018a       0x34 ./Core/Src/stm32f4xx_hal_msp.o
 .ARM.attributes
                0x00000000000001be       0x34 ./Core/Src/stm32f4xx_it.o
 .ARM.attributes
                0x00000000000001f2       0x34 ./Core/Src/syscalls.o
 .ARM.attributes
                0x0000000000000226       0x34 ./Core/Src/sysmem.o
 .ARM.attributes
                0x000000000000025a       0x34 ./Core/Src/system_stm32f4xx.o
 .ARM.attributes
                0x000000000000028e       0x34 ./Core/Src/uart.o
 .ARM.attributes
                0x00000000000002c2       0x34 ./Core/Src/ultrasonic.o
 .ARM.attributes
                0x00000000000002f6       0x21 ./Core/Startup/startup_stm32f429zitx.o
 .ARM.attributes
                0x0000000000000317       0x34 ./Drivers/STM32F4xx_HAL_Driver/Src/stm32f4xx_hal.o
 .ARM.attributes
                0x000000000000034b       0x34 ./Drivers/STM32F4xx_HAL_Driver/Src/stm32f4xx_hal_cortex.o
 .ARM.attributes
                0x000000000000037f       0x34 ./Drivers/STM32F4xx_HAL_Driver/Src/stm32f4xx_hal_dma.o
 .ARM.attributes
                0x00000000000003b3       0x34 ./Drivers/STM32F4xx_HAL_Driver/Src/stm32f4xx_hal_eth.o
 .ARM.attributes
                0x00000000000003e7       0x34 ./Drivers/STM32F4xx_HAL_Driver/Src/stm32f4xx_hal_gpio.o
 .ARM.attributes
                0x000000000000041b       0x34 ./Drivers/STM32F4xx_HAL_Driver/Src/stm32f4xx_hal_i2c.o
 .ARM.attributes
                0x000000000000044f       0x34 ./Drivers/STM32F4xx_HAL_Driver/Src/stm32f4xx_hal_i2c_ex.o
 .ARM.attributes
                0x0000000000000483       0x34 ./Drivers/STM32F4xx_HAL_Driver/Src/stm32f4xx_hal_pcd.o
 .ARM.attributes
                0x00000000000004b7       0x34 ./Drivers/STM32F4xx_HAL_Driver/Src/stm32f4xx_hal_rcc.o
 .ARM.attributes
                0x00000000000004eb       0x34 ./Drivers/STM32F4xx_HAL_Driver/Src/stm32f4xx_hal_rcc_ex.o
 .ARM.attributes
                0x000000000000051f       0x34 ./Drivers/STM32F4xx_HAL_Driver/Src/stm32f4xx_hal_rtc.o
 .ARM.attributes
                0x0000000000000553       0x34 ./Drivers/STM32F4xx_HAL_Driver/Src/stm32f4xx_hal_tim.o
 .ARM.attributes
                0x0000000000000587       0x34 ./Drivers/STM32F4xx_HAL_Driver/Src/stm32f4xx_hal_tim_ex.o
 .ARM.attributes
                0x00000000000005bb       0x34 ./Drivers/STM32F4xx_HAL_Driver/Src/stm32f4xx_hal_uart.o
 .ARM.attributes
                0x00000000000005ef       0x34 ./Drivers/STM32F4xx_HAL_Driver/Src/stm32f4xx_ll_usb.o
 .ARM.attributes